<html>
<body>
<pre>
<h1>µVision Build Log</h1>
<h2>Tool Versions:</h2>
IDE-Version: ¦ÌVision V5.42.0.0
Copyright (C) 2025 ARM Ltd and ARM Germany GmbH. All rights reserved.
License Information: 1 user, 1, LIC=PE7DL-0EYYE-PCTJ8-34W4Q-6UJX6-CE4QC
 
Tool Versions:
Toolchain:       MDK-ARM Plus  Version: 5.42.0.0
Toolchain Path:  C:\Keil_v5\ARM\ARMCC\Bin
C Compiler:      Armcc.exe V5.06 update 7 (build 960)
Assembler:       Armasm.exe V5.06 update 7 (build 960)
Linker/Locator:  ArmLink.exe V5.06 update 7 (build 960)
Library Manager: ArmAr.exe V5.06 update 7 (build 960)
Hex Converter:   FromElf.exe V5.06 update 7 (build 960)
CPU DLL:         SARMCM3.DLL V5.42.0.0
Dialog DLL:      DCM.DLL V1.17.5.0
Target DLL:      CMSIS_AGDI.dll V1.33.22.0
Dialog DLL:      TCM.DLL V1.56.6.0
 
<h2>Project:</h2>
C:\Users\user\Desktop\Water_2\MDK-ARM\Water_2.uvprojx
Project File Date:  12/15/2025

<h2>Output:</h2>
*** Using Compiler 'V5.06 update 7 (build 960)', folder: 'C:\Keil_v5\ARM\ARMCC\Bin'
Build target 'Water_2'
Note: source file '../Core/Src/system_stm32g4xx.c' - object file renamed from 'Water_2\system_stm32g4xx.o' to 'Water_2\system_stm32g4xx_1.o'.
compiling Ds18B20.c...
compiling main.c...
../Core/Inc/Led.h(22): warning:  #1-D: last line of file ends without a newline
  #endif
../Core/Inc/AllSet.h(24): warning:  #1-D: last line of file ends without a newline
  #endif
../Core/Inc/Led.h(22): warning:  #1-D: last line of file ends without a newline
  #endif
../Core/Src/main.c: 3 warnings, 0 errors
compiling AllSet.c...
../Core/Inc/Led.h(22): warning:  #1-D: last line of file ends without a newline
  #endif
../Core/Inc/AllSet.h(24): warning:  #1-D: last line of file ends without a newline
  #endif
../Core/Inc/Led.h(22): warning:  #1-D: last line of file ends without a newline
  #endif
../Core/Inc/AllSet.h(24): warning:  #1-D: last line of file ends without a newline
  #endif
..\Core\Src\AllSet.c: 4 warnings, 0 errors
compiling Led.c...
../Core/Inc/Led.h(22): warning:  #1-D: last line of file ends without a newline
  #endif
../Core/Inc/AllSet.h(24): warning:  #1-D: last line of file ends without a newline
  #endif
../Core/Inc/Led.h(22): warning:  #1-D: last line of file ends without a newline
  #endif
..\Core\Src\Led.c: 3 warnings, 0 errors
linking...
Program Size: Code=22592 RO-data=680 RW-data=48 ZI-data=1952  
FromELF: creating hex file...
"Water_2\Water_2.axf" - 0 Error(s), 10 Warning(s).

<h2>Software Packages used:</h2>

Package Vendor: ARM
                https://www.keil.com/pack/ARM.CMSIS.6.1.0.pack
                ARM::CMSIS@6.1.0
                CMSIS (Common Microcontroller Software Interface Standard)
   * Component: CORE Version: 6.1.0

Package Vendor: Keil
                https://www.keil.com/pack/Keil.STM32G4xx_DFP.2.1.0.pack
                Keil::STM32G4xx_DFP@2.1.0
                STMicroelectronics STM32G4 Series Device Support

<h2>Collection of Component include folders:</h2>
  ./RTE/_Water_2
  C:/Users/user/AppData/Local/Arm/Packs/ARM/CMSIS/6.1.0/CMSIS/Core/Include

<h2>Collection of Component Files used:</h2>

   * Component: ARM::CMSIS:CORE@6.1.0
      Include file:  CMSIS/Core/Include/tz_context.h
Build Time Elapsed:  00:00:02
</pre>
</body>
</html>
