Component: ARM Compiler 5.06 update 7 (build 960) Tool: armlink [4d3601]

==============================================================================

Section Cross References

    startup_stm32g431xx.o(RESET) refers to startup_stm32g431xx.o(STACK) for __initial_sp
    startup_stm32g431xx.o(RESET) refers to startup_stm32g431xx.o(.text) for Reset_Handler
    startup_stm32g431xx.o(.text) refers to system_stm32g4xx_1.o(i.SystemInit) for SystemInit
    startup_stm32g431xx.o(.text) refers to entry.o(.ARM.Collect$$$$00000000) for __main
    main.o(i.HAL_TIM_PeriodElapsedCallback) refers to ds18b20.o(i.DS18B20_Get_Temp) for DS18B20_Get_Temp
    main.o(i.HAL_TIM_PeriodElapsedCallback) refers to f2d.o(.text) for __aeabi_f2d
    main.o(i.HAL_TIM_PeriodElapsedCallback) refers to printfa.o(i.__0printf) for __2printf
    main.o(i.HAL_UART_ErrorCallback) refers to stm32g4xx_hal_uart.o(i.HAL_UART_Receive_IT) for HAL_UART_Receive_IT
    main.o(i.HAL_UART_ErrorCallback) refers to main.o(.bss) for .bss
    main.o(i.HAL_UART_ErrorCallback) refers to usart.o(.bss) for huart3
    main.o(i.HAL_UART_RxCpltCallback) refers to memcpya.o(.text) for __aeabi_memcpy4
    main.o(i.HAL_UART_RxCpltCallback) refers to stm32g4xx_hal_uart.o(i.HAL_UART_Transmit_IT) for HAL_UART_Transmit_IT
    main.o(i.HAL_UART_RxCpltCallback) refers to stm32g4xx_hal_uart.o(i.HAL_UART_Receive_IT) for HAL_UART_Receive_IT
    main.o(i.HAL_UART_RxCpltCallback) refers to main.o(.bss) for .bss
    main.o(i.HAL_UART_RxCpltCallback) refers to main.o(.data) for .data
    main.o(i.HAL_UART_RxCpltCallback) refers to usart.o(.bss) for huart3
    main.o(i.SystemClock_Config) refers to memseta.o(.text) for __aeabi_memclr4
    main.o(i.SystemClock_Config) refers to stm32g4xx_hal_pwr_ex.o(i.HAL_PWREx_ControlVoltageScaling) for HAL_PWREx_ControlVoltageScaling
    main.o(i.SystemClock_Config) refers to stm32g4xx_hal_rcc.o(i.HAL_RCC_OscConfig) for HAL_RCC_OscConfig
    main.o(i.SystemClock_Config) refers to stm32g4xx_hal_rcc.o(i.HAL_RCC_ClockConfig) for HAL_RCC_ClockConfig
    main.o(i.fputc) refers to stm32g4xx_hal_uart.o(i.HAL_UART_Transmit) for HAL_UART_Transmit
    main.o(i.fputc) refers to usart.o(.bss) for huart1
    main.o(i.main) refers to stm32g4xx_hal.o(i.HAL_Init) for HAL_Init
    main.o(i.main) refers to main.o(i.SystemClock_Config) for SystemClock_Config
    main.o(i.main) refers to gpio.o(i.MX_GPIO_Init) for MX_GPIO_Init
    main.o(i.main) refers to spi.o(i.MX_SPI1_Init) for MX_SPI1_Init
    main.o(i.main) refers to usart.o(i.MX_USART1_UART_Init) for MX_USART1_UART_Init
    main.o(i.main) refers to tim.o(i.MX_TIM6_Init) for MX_TIM6_Init
    main.o(i.main) refers to tim.o(i.MX_TIM7_Init) for MX_TIM7_Init
    main.o(i.main) refers to adc.o(i.MX_ADC1_Init) for MX_ADC1_Init
    main.o(i.main) refers to adc.o(i.MX_ADC2_Init) for MX_ADC2_Init
    main.o(i.main) refers to tim.o(i.MX_TIM1_Init) for MX_TIM1_Init
    main.o(i.main) refers to usart.o(i.MX_USART3_UART_Init) for MX_USART3_UART_Init
    main.o(i.main) refers to stm32g4xx_hal_tim.o(i.HAL_TIM_Base_Start_IT) for HAL_TIM_Base_Start_IT
    main.o(i.main) refers to stm32g4xx_hal_tim.o(i.HAL_TIM_PWM_Start) for HAL_TIM_PWM_Start
    main.o(i.main) refers to stm32g4xx_hal_gpio.o(i.HAL_GPIO_WritePin) for HAL_GPIO_WritePin
    main.o(i.main) refers to ads1220.o(i.ADS1220_InitStruct) for ADS1220_InitStruct
    main.o(i.main) refers to ads1220.o(i.ADS1220_Reset) for ADS1220_Reset
    main.o(i.main) refers to stm32g4xx_hal.o(i.HAL_Delay) for HAL_Delay
    main.o(i.main) refers to ads1220.o(i.ADS1220_WriteRegisters) for ADS1220_WriteRegisters
    main.o(i.main) refers to ads1220.o(i.ADS1220_DebugPrintRegisters) for ADS1220_DebugPrintRegisters
    main.o(i.main) refers to stm32g4xx_hal_uart.o(i.HAL_UART_Receive_IT) for HAL_UART_Receive_IT
    main.o(i.main) refers to printfa.o(i.__0printf) for __2printf
    main.o(i.main) refers to stm32g4xx_hal_gpio.o(i.HAL_GPIO_TogglePin) for HAL_GPIO_TogglePin
    main.o(i.main) refers to allset.o(i.BoomTest) for BoomTest
    main.o(i.main) refers to tim.o(.bss) for htim6
    main.o(i.main) refers to spi.o(.bss) for hspi1
    main.o(i.main) refers to main.o(.bss) for .bss
    main.o(i.main) refers to main.o(.data) for .data
    main.o(i.main) refers to usart.o(.bss) for huart3
    gpio.o(i.MX_GPIO_Init) refers to memseta.o(.text) for __aeabi_memclr4
    gpio.o(i.MX_GPIO_Init) refers to stm32g4xx_hal_gpio.o(i.HAL_GPIO_WritePin) for HAL_GPIO_WritePin
    gpio.o(i.MX_GPIO_Init) refers to stm32g4xx_hal_gpio.o(i.HAL_GPIO_Init) for HAL_GPIO_Init
    adc.o(i.HAL_ADC_MspDeInit) refers to stm32g4xx_hal_gpio.o(i.HAL_GPIO_DeInit) for HAL_GPIO_DeInit
    adc.o(i.HAL_ADC_MspDeInit) refers to adc.o(.data) for .data
    adc.o(i.HAL_ADC_MspInit) refers to memseta.o(.text) for __aeabi_memclr4
    adc.o(i.HAL_ADC_MspInit) refers to stm32g4xx_hal_rcc_ex.o(i.HAL_RCCEx_PeriphCLKConfig) for HAL_RCCEx_PeriphCLKConfig
    adc.o(i.HAL_ADC_MspInit) refers to main.o(i.Error_Handler) for Error_Handler
[...]
    ../Drivers/STM32G4xx_HAL_Driver/Src/stm32g4xx_hal_uart.c 0x00000000   Number         0  stm32g4xx_hal_uart.o ABSOLUTE
    ../Drivers/STM32G4xx_HAL_Driver/Src/stm32g4xx_hal_uart_ex.c 0x00000000   Number         0  stm32g4xx_hal_uart_ex.o ABSOLUTE
    ../Drivers/STM32G4xx_HAL_Driver/Src/stm32g4xx_ll_adc.c 0x00000000   Number         0  stm32g4xx_ll_adc.o ABSOLUTE
    ../clib/microlib/division.c              0x00000000   Number         0  uidiv.o ABSOLUTE
    ../clib/microlib/division.c              0x00000000   Number         0  uldiv.o ABSOLUTE
    ../clib/microlib/init/entry.s            0x00000000   Number         0  entry10a.o ABSOLUTE
    ../clib/microlib/init/entry.s            0x00000000   Number         0  entry10b.o ABSOLUTE
    ../clib/microlib/init/entry.s            0x00000000   Number         0  entry9a.o ABSOLUTE
    ../clib/microlib/init/entry.s            0x00000000   Number         0  entry9b.o ABSOLUTE
    ../clib/microlib/init/entry.s            0x00000000   Number         0  entry11a.o ABSOLUTE
    ../clib/microlib/init/entry.s            0x00000000   Number         0  entry11b.o ABSOLUTE
    ../clib/microlib/init/entry.s            0x00000000   Number         0  entry12a.o ABSOLUTE
    ../clib/microlib/init/entry.s            0x00000000   Number         0  entry8b.o ABSOLUTE
    ../clib/microlib/init/entry.s            0x00000000   Number         0  entry.o ABSOLUTE
    ../clib/microlib/init/entry.s            0x00000000   Number         0  entry12b.o ABSOLUTE
    ../clib/microlib/init/entry.s            0x00000000   Number         0  entry8a.o ABSOLUTE
    ../clib/microlib/init/entry.s            0x00000000   Number         0  entry7b.o ABSOLUTE
    ../clib/microlib/init/entry.s            0x00000000   Number         0  entry7a.o ABSOLUTE
    ../clib/microlib/init/entry.s            0x00000000   Number         0  entry5.o ABSOLUTE
    ../clib/microlib/init/entry.s            0x00000000   Number         0  entry2.o ABSOLUTE
    ../clib/microlib/longlong.c              0x00000000   Number         0  llsshr.o ABSOLUTE
    ../clib/microlib/longlong.c              0x00000000   Number         0  llshl.o ABSOLUTE
    ../clib/microlib/longlong.c              0x00000000   Number         0  llushr.o ABSOLUTE
    ../clib/microlib/printf/printf.c         0x00000000   Number         0  printf2.o ABSOLUTE
    ../clib/microlib/printf/printf.c         0x00000000   Number         0  printf5.o ABSOLUTE
    ../clib/microlib/printf/printf.c         0x00000000   Number         0  printf6.o ABSOLUTE
    ../clib/microlib/printf/printf.c         0x00000000   Number         0  printf1.o ABSOLUTE
    ../clib/microlib/printf/printf.c         0x00000000   Number         0  printf0.o ABSOLUTE
    ../clib/microlib/printf/printf.c         0x00000000   Number         0  printfb.o ABSOLUTE
    ../clib/microlib/printf/printf.c         0x00000000   Number         0  printf7.o ABSOLUTE
    ../clib/microlib/printf/printf.c         0x00000000   Number         0  printf4.o ABSOLUTE
    ../clib/microlib/printf/printf.c         0x00000000   Number         0  printf8.o ABSOLUTE
    ../clib/microlib/printf/printf.c         0x00000000   Number         0  printfa.o ABSOLUTE
    ../clib/microlib/printf/printf.c         0x00000000   Number         0  printf3.o ABSOLUTE
    ../clib/microlib/printf/stubs.s          0x00000000   Number         0  stubs.o ABSOLUTE
    ../clib/microlib/stdio/streams.c         0x00000000   Number         0  stdout.o ABSOLUTE
    ../clib/microlib/string/memcpy.c         0x00000000   Number         0  memcpya.o ABSOLUTE
    ../clib/microlib/string/memcpy.c         0x00000000   Number         0  memcpyb.o ABSOLUTE
    ../clib/microlib/string/memset.c         0x00000000   Number         0  memseta.o ABSOLUTE
    ../clib/microlib/stubs.s                 0x00000000   Number         0  iusefp.o ABSOLUTE
    ../fplib/microlib/d2f.c                  0x00000000   Number         0  d2f.o ABSOLUTE
    ../fplib/microlib/f2d.c                  0x00000000   Number         0  f2d.o ABSOLUTE
    ../fplib/microlib/fpadd.c                0x00000000   Number         0  dadd.o ABSOLUTE
    ../fplib/microlib/fpdiv.c                0x00000000   Number         0  ddiv.o ABSOLUTE
    ../fplib/microlib/fpepilogue.c           0x00000000   Number         0  depilogue.o ABSOLUTE
    ../fplib/microlib/fpepilogue.c           0x00000000   Number         0  fepilogue.o ABSOLUTE
    ../fplib/microlib/fpfix.c                0x00000000   Number         0  dfixul.o ABSOLUTE
    ../fplib/microlib/fpflt.c                0x00000000   Number         0  dflti.o ABSOLUTE
    ../fplib/microlib/fpmul.c                0x00000000   Number         0  dmul.o ABSOLUTE
    ..\Core\Src\ADS1220.c                    0x00000000   Number         0  ads1220.o ABSOLUTE
    ..\Core\Src\AllSet.c                     0x00000000   Number         0  allset.o ABSOLUTE
    ..\Core\Src\Ds18B20.c                    0x00000000   Number         0  ds18b20.o ABSOLUTE
    ..\Core\Src\Led.c                        0x00000000   Number         0  led.o ABSOLUTE
    ..\Core\Src\adc.c                        0x00000000   Number         0  adc.o ABSOLUTE
    ..\Core\Src\gpio.c                       0x00000000   Number         0  gpio.o ABSOLUTE
    ..\Core\Src\main.c                       0x00000000   Number         0  main.o ABSOLUTE
    ..\Core\Src\spi.c                        0x00000000   Number         0  spi.o ABSOLUTE
    ..\Core\Src\system_stm32g4xx.c           0x00000000   Number         0  system_stm32g4xx_1.o ABSOLUTE
    ..\Core\Src\tim.c                        0x00000000   Number         0  tim.o ABSOLUTE
    ..\Core\Src\usart.c                      0x00000000   Number         0  usart.o ABSOLUTE
    ..\Drivers\STM32G4xx_HAL_Driver\Src\stm32g4xx_hal.c 0x00000000   Number         0  stm32g4xx_hal.o ABSOLUTE
    ..\Drivers\STM32G4xx_HAL_Driver\Src\stm32g4xx_hal_adc.c 0x00000000   Number         0  stm32g4xx_hal_adc.o ABSOLUTE
    ..\Drivers\STM32G4xx_HAL_Driver\Src\stm32g4xx_hal_adc_ex.c 0x00000000   Number         0  stm32g4xx_hal_adc_ex.o ABSOLUTE
    ..\Drivers\STM32G4xx_HAL_Driver\Src\stm32g4xx_hal_cortex.c 0x00000000   Number         0  stm32g4xx_hal_cortex.o ABSOLUTE
    ..\Drivers\STM32G4xx_HAL_Driver\Src\stm32g4xx_hal_dma.c 0x00000000   Number         0  stm32g4xx_hal_dma.o ABSOLUTE
    ..\Drivers\STM32G4xx_HAL_Driver\Src\stm32g4xx_hal_dma_ex.c 0x00000000   Number         0  stm32g4xx_hal_dma_ex.o ABSOLUTE
    ..\Drivers\STM32G4xx_HAL_Driver\Src\stm32g4xx_hal_exti.c 0x00000000   Number         0  stm32g4xx_hal_exti.o ABSOLUTE
    ..\Drivers\STM32G4xx_HAL_Driver\Src\stm32g4xx_hal_flash.c 0x00000000   Number         0  stm32g4xx_hal_flash.o ABSOLUTE
    ..\Drivers\STM32G4xx_HAL_Driver\Src\stm32g4xx_hal_flash_ex.c 0x00000000   Number         0  stm32g4xx_hal_flash_ex.o ABSOLUTE
    ..\Drivers\STM32G4xx_HAL_Driver\Src\stm32g4xx_hal_flash_ramfunc.c 0x00000000   Number         0  stm32g4xx_hal_flash_ramfunc.o ABSOLUTE
    ..\Drivers\STM32G4xx_HAL_Driver\Src\stm32g4xx_hal_gpio.c 0x00000000   Number         0  stm32g4xx_hal_gpio.o ABSOLUTE
    ..\Drivers\STM32G4xx_HAL_Driver\Src\stm32g4xx_hal_pwr.c 0x00000000   Number         0  stm32g4xx_hal_pwr.o ABSOLUTE
    ..\Drivers\STM32G4xx_HAL_Driver\Src\stm32g4xx_hal_pwr_ex.c 0x00000000   Number         0  stm32g4xx_hal_pwr_ex.o ABSOLUTE
    ..\Drivers\STM32G4xx_HAL_Driver\Src\stm32g4xx_hal_rcc.c 0x00000000   Number         0  stm32g4xx_hal_rcc.o ABSOLUTE
    ..\Drivers\STM32G4xx_HAL_Driver\Src\stm32g4xx_hal_rcc_ex.c 0x00000000   Number         0  stm32g4xx_hal_rcc_ex.o ABSOLUTE
    ..\Drivers\STM32G4xx_HAL_Driver\Src\stm32g4xx_hal_spi.c 0x00000000   Number         0  stm32g4xx_hal_spi.o ABSOLUTE
    ..\Drivers\STM32G4xx_HAL_Driver\Src\stm32g4xx_hal_spi_ex.c 0x00000000   Number         0  stm32g4xx_hal_spi_ex.o ABSOLUTE
    ..\Drivers\STM32G4xx_HAL_Driver\Src\stm32g4xx_hal_tim.c 0x00000000   Number         0  stm32g4xx_hal_tim.o ABSOLUTE
    ..\Drivers\STM32G4xx_HAL_Driver\Src\stm32g4xx_hal_tim_ex.c 0x00000000   Number         0  stm32g4xx_hal_tim_ex.o ABSOLUTE
    ..\Drivers\STM32G4xx_HAL_Driver\Src\stm32g4xx_hal_uart.c 0x00000000   Number         0  stm32g4xx_hal_uart.o ABSOLUTE
    ..\Drivers\STM32G4xx_HAL_Driver\Src\stm32g4xx_hal_uart_ex.c 0x00000000   Number         0  stm32g4xx_hal_uart_ex.o ABSOLUTE
    ..\\Core\\Src\\ADS1220.c                 0x00000000   Number         0  ads1220.o ABSOLUTE
    ..\\Core\\Src\\AllSet.c                  0x00000000   Number         0  allset.o ABSOLUTE
    ..\\Core\\Src\\Ds18B20.c                 0x00000000   Number         0  ds18b20.o ABSOLUTE
    ..\\Core\\Src\\Led.c                     0x00000000   Number         0  led.o ABSOLUTE
    cdrcmple.s                               0x00000000   Number         0  cdrcmple.o ABSOLUTE
    dc.s                                     0x00000000   Number         0  dc.o ABSOLUTE
    handlers.s                               0x00000000   Number         0  handlers.o ABSOLUTE
    init.s                                   0x00000000   Number         0  init.o ABSOLUTE
    startup_stm32g431xx.s                    0x00000000   Number         0  startup_stm32g431xx.o ABSOLUTE
    RESET                                    0x08000000   Section      472  startup_stm32g431xx.o(RESET)
    .ARM.Collect$$$$00000000                 0x080001d8   Section        0  entry.o(.ARM.Collect$$$$00000000)
    .ARM.Collect$$$$00000001                 0x080001d8   Section        4  entry2.o(.ARM.Collect$$$$00000001)
    .ARM.Collect$$$$00000004                 0x080001dc   Section        4  entry5.o(.ARM.Collect$$$$00000004)
    .ARM.Collect$$$$00000008                 0x080001e0   Section        0  entry7b.o(.ARM.Collect$$$$00000008)
    .ARM.Collect$$$$0000000A                 0x080001e0   Section        0  entry8b.o(.ARM.Collect$$$$0000000A)
    .ARM.Collect$$$$0000000B                 0x080001e0   Section        8  entry9a.o(.ARM.Collect$$$$0000000B)
    .ARM.Collect$$$$0000000E                 0x080001e8   Section        4  entry12b.o(.ARM.Collect$$$$0000000E)
    .ARM.Collect$$$$0000000F                 0x080001ec   Section        0  entry10a.o(.ARM.Collect$$$$0000000F)
    .ARM.Collect$$$$00000011                 0x080001ec   Section        0  entry11a.o(.ARM.Collect$$$$00000011)
    .ARM.Collect$$$$00002712                 0x080001ec   Section        4  entry2.o(.ARM.Collect$$$$00002712)
    __lit__00000000                          0x080001ec   Data           4  entry2.o(.ARM.Collect$$$$00002712)
    .text                                    0x080001f0   Section       36  startup_stm32g431xx.o(.text)
    $v0                                      0x080001f0   Number         0  startup_stm32g431xx.o(.text)
    .text                                    0x08000214   Section        0  uldiv.o(.text)
    .text                                    0x08000276   Section        0  memcpya.o(.text)
    .text                                    0x0800029a   Section        0  memseta.o(.text)
    .text                                    0x080002be   Section        0  dmul.o(.text)
    .text                                    0x080003a2   Section        0  dflti.o(.text)
    .text                                    0x080003c4   Section        0  f2d.o(.text)
    .text                                    0x080003ea   Section        0  d2f.o(.text)
    .text                                    0x08000422   Section        0  uidiv.o(.text)
    .text                                    0x0800044e   Section        0  llshl.o(.text)
    .text                                    0x0800046c   Section        0  llushr.o(.text)
    .text                                    0x0800048c   Section        0  iusefp.o(.text)
    .text                                    0x0800048c   Section        0  fepilogue.o(.text)
    .text                                    0x080004fa   Section        0  depilogue.o(.text)
    .text                                    0x080005b4   Section        0  dadd.o(.text)
    .text                                    0x08000702   Section        0  ddiv.o(.text)
    .text                                    0x080007e0   Section        0  dfixul.o(.text)
    .text                                    0x08000810   Section       48  cdrcmple.o(.text)
    .text                                    0x08000840   Section       36  init.o(.text)
    .text                                    0x08000864   Section        0  llsshr.o(.text)
    i.ADS1220_ChannelSelect                  0x08000888   Section        0  ads1220.o(i.ADS1220_ChannelSelect)
    i.ADS1220_DebugPrintRegisters            0x080008e4   Section        0  ads1220.o(i.ADS1220_DebugPrintRegisters)
    i.ADS1220_InitStruct                     0x08000998   Section        0  ads1220.o(i.ADS1220_InitStruct)
    i.ADS1220_ReadConvertOnce                0x080009ac   Section        0  ads1220.o(i.ADS1220_ReadConvertOnce)
    i.ADS1220_ReadData                       0x080009d6   Section        0  ads1220.o(i.ADS1220_ReadData)
    i.ADS1220_ReadRegisters                  0x08000a52   Section        0  ads1220.o(i.ADS1220_ReadRegisters)
    i.ADS1220_Reset                          0x08000ac4   Section        0  ads1220.o(i.ADS1220_Reset)
    i.ADS1220_SPI_Write                      0x08000ad6   Section        0  ads1220.o(i.ADS1220_SPI_Write)
    ADS1220_SPI_Write                        0x08000ad7   Thumb Code    82  ads1220.o(i.ADS1220_SPI_Write)
    i.ADS1220_Start                          0x08000b28   Section        0  ads1220.o(i.ADS1220_Start)
    i.ADS1220_WaitDRDY                       0x08000b3c   Section        0  ads1220.o(i.ADS1220_WaitDRDY)
    i.ADS1220_WriteRegisters                 0x08000b68   Section        0  ads1220.o(i.ADS1220_WriteRegisters)
    i.BoomTest                               0x08000bdc   Section        0  allset.o(i.BoomTest)
    i.DS18B20_Get_Temp                       0x08000d38   Section        0  ds18b20.o(i.DS18B20_Get_Temp)
    i.DS18B20_Mode_IPU                       0x08000da4   Section        0  ds18b20.o(i.DS18B20_Mode_IPU)
    DS18B20_Mode_IPU                         0x08000da5   Thumb Code    40  ds18b20.o(i.DS18B20_Mode_IPU)
    i.DS18B20_Mode_Out_PP                    0x08000dcc   Section        0  ds18b20.o(i.DS18B20_Mode_Out_PP)
    DS18B20_Mode_Out_PP                      0x08000dcd   Thumb Code    44  ds18b20.o(i.DS18B20_Mode_Out_PP)
    i.DS18B20_Presence                       0x08000df8   Section        0  ds18b20.o(i.DS18B20_Presence)
    DS18B20_Presence                         0x08000df9   Thumb Code    90  ds18b20.o(i.DS18B20_Presence)
    i.DS18B20_Read_Byte                      0x08000e52   Section        0  ds18b20.o(i.DS18B20_Read_Byte)
    i.DS18B20_Rst                            0x08000ea8   Section        0  ds18b20.o(i.DS18B20_Rst)
    DS18B20_Rst                              0x08000ea9   Thumb Code    52  ds18b20.o(i.DS18B20_Rst)
    i.DS18B20_Write_Byte                     0x08000edc   Section        0  ds18b20.o(i.DS18B20_Write_Byte)
    i.Error_Handler                          0x08000f40   Section        0  main.o(i.Error_Handler)
    i.HAL_ADCEx_MultiModeConfigChannel       0x08000f44   Section        0  stm32g4xx_hal_adc_ex.o(i.HAL_ADCEx_MultiModeConfigChannel)
    i.HAL_ADC_ConfigChannel                  0x0800101c   Section        0  stm32g4xx_hal_adc.o(i.HAL_ADC_ConfigChannel)
    i.HAL_ADC_Init                           0x08001440   Section        0  stm32g4xx_hal_adc.o(i.HAL_ADC_Init)
    i.HAL_ADC_MspInit                        0x08001634   Section        0  adc.o(i.HAL_ADC_MspInit)
    i.HAL_Delay                              0x08001708   Section        0  stm32g4xx_hal.o(i.HAL_Delay)
    i.HAL_Delay_Us                           0x0800172c   Section        0  tim.o(i.HAL_Delay_Us)
    i.HAL_GPIO_Init                          0x08001780   Section        0  stm32g4xx_hal_gpio.o(i.HAL_GPIO_Init)
    i.HAL_GPIO_ReadPin                       0x080019c8   Section        0  stm32g4xx_hal_gpio.o(i.HAL_GPIO_ReadPin)
    i.HAL_GPIO_TogglePin                     0x080019d2   Section        0  stm32g4xx_hal_gpio.o(i.HAL_GPIO_TogglePin)
    i.HAL_GPIO_WritePin                      0x080019e2   Section        0  stm32g4xx_hal_gpio.o(i.HAL_GPIO_WritePin)
    i.HAL_GetTick                            0x080019ec   Section        0  stm32g4xx_hal.o(i.HAL_GetTick)
    i.HAL_Init                               0x080019f8   Section        0  stm32g4xx_hal.o(i.HAL_Init)
    i.HAL_InitTick                           0x08001a18   Section        0  stm32g4xx_hal.o(i.HAL_InitTick)
    i.HAL_MspInit                            0x08001a5c   Section        0  stm32g4xx_hal.o(i.HAL_MspInit)
    i.HAL_NVIC_EnableIRQ                     0x08001a5e   Section        0  stm32g4xx_hal_cortex.o(i.HAL_NVIC_EnableIRQ)
    i.HAL_NVIC_SetPriority                   0x08001a78   Section        0  stm32g4xx_hal_cortex.o(i.HAL_NVIC_SetPriority)
    i.HAL_NVIC_SetPriorityGrouping           0x08001ab8   Section        0  stm32g4xx_hal_cortex.o(i.HAL_NVIC_SetPriorityGrouping)
    i.HAL_PWREx_ControlVoltageScaling        0x08001adc   Section        0  stm32g4xx_hal_pwr_ex.o(i.HAL_PWREx_ControlVoltageScaling)
    i.HAL_RCCEx_PeriphCLKConfig              0x08001b98   Section        0  stm32g4xx_hal_rcc_ex.o(i.HAL_RCCEx_PeriphCLKConfig)
    i.HAL_RCC_ClockConfig                    0x08001e20   Section        0  stm32g4xx_hal_rcc.o(i.HAL_RCC_ClockConfig)
    i.HAL_RCC_GetPCLK1Freq                   0x08001fe8   Section        0  stm32g4xx_hal_rcc.o(i.HAL_RCC_GetPCLK1Freq)
    i.HAL_RCC_GetPCLK2Freq                   0x0800200c   Section        0  stm32g4xx_hal_rcc.o(i.HAL_RCC_GetPCLK2Freq)
    i.HAL_RCC_GetSysClockFreq                0x08002030   Section        0  stm32g4xx_hal_rcc.o(i.HAL_RCC_GetSysClockFreq)
    i.HAL_RCC_OscConfig                      0x08002088   Section        0  stm32g4xx_hal_rcc.o(i.HAL_RCC_OscConfig)
    i.HAL_SPI_Init                           0x0800248c   Section        0  stm32g4xx_hal_spi.o(i.HAL_SPI_Init)
    i.HAL_SPI_MspInit                        0x08002578   Section        0  spi.o(i.HAL_SPI_MspInit)
    i.HAL_SPI_Receive                        0x080025d8   Section        0  stm32g4xx_hal_spi.o(i.HAL_SPI_Receive)
    i.HAL_SPI_Transmit                       0x08002756   Section        0  stm32g4xx_hal_spi.o(i.HAL_SPI_Transmit)
    i.HAL_SPI_TransmitReceive                0x080028e4   Section        0  stm32g4xx_hal_spi.o(i.HAL_SPI_TransmitReceive)
    i.HAL_SYSTICK_Config                     0x08002b56   Section        0  stm32g4xx_hal_cortex.o(i.HAL_SYSTICK_Config)
    i.HAL_TIMEx_ConfigBreakDeadTime          0x08002b80   Section        0  stm32g4xx_hal_tim_ex.o(i.HAL_TIMEx_ConfigBreakDeadTime)
    i.HAL_TIMEx_MasterConfigSynchronization  0x08002c1c   Section        0  stm32g4xx_hal_tim_ex.o(i.HAL_TIMEx_MasterConfigSynchronization)
    i.HAL_TIM_Base_Init                      0x08002cb8   Section        0  stm32g4xx_hal_tim.o(i.HAL_TIM_Base_Init)
    i.HAL_TIM_Base_MspInit                   0x08002d1c   Section        0  tim.o(i.HAL_TIM_Base_MspInit)
    i.HAL_TIM_Base_Start_IT                  0x08002d78   Section        0  stm32g4xx_hal_tim.o(i.HAL_TIM_Base_Start_IT)
    i.HAL_TIM_ConfigClockSource              0x08002df0   Section        0  stm32g4xx_hal_tim.o(i.HAL_TIM_ConfigClockSource)
    i.HAL_TIM_MspPostInit                    0x08002ef0   Section        0  tim.o(i.HAL_TIM_MspPostInit)
    i.HAL_TIM_PWM_ConfigChannel              0x08002f40   Section        0  stm32g4xx_hal_tim.o(i.HAL_TIM_PWM_ConfigChannel)
    i.HAL_TIM_PWM_Init                       0x08003064   Section        0  stm32g4xx_hal_tim.o(i.HAL_TIM_PWM_Init)
    i.HAL_TIM_PWM_MspInit                    0x080030c6   Section        0  stm32g4xx_hal_tim.o(i.HAL_TIM_PWM_MspInit)
    i.HAL_TIM_PWM_Start                      0x080030c8   Section        0  stm32g4xx_hal_tim.o(i.HAL_TIM_PWM_Start)
    i.HAL_UARTEx_DisableFifoMode             0x080031c4   Section        0  stm32g4xx_hal_uart_ex.o(i.HAL_UARTEx_DisableFifoMode)
    i.HAL_UARTEx_RxEventCallback             0x08003202   Section        0  stm32g4xx_hal_uart.o(i.HAL_UARTEx_RxEventCallback)
    i.HAL_UARTEx_SetRxFifoThreshold          0x08003204   Section        0  stm32g4xx_hal_uart_ex.o(i.HAL_UARTEx_SetRxFifoThreshold)
    i.HAL_UARTEx_SetTxFifoThreshold          0x08003250   Section        0  stm32g4xx_hal_uart_ex.o(i.HAL_UARTEx_SetTxFifoThreshold)
    i.HAL_UART_ErrorCallback                 0x0800329c   Section        0  main.o(i.HAL_UART_ErrorCallback)
    i.HAL_UART_Init                          0x080032bc   Section        0  stm32g4xx_hal_uart.o(i.HAL_UART_Init)
    i.HAL_UART_MspInit                       0x08003328   Section        0  usart.o(i.HAL_UART_MspInit)
    i.HAL_UART_Receive_IT                    0x08003418   Section        0  stm32g4xx_hal_uart.o(i.HAL_UART_Receive_IT)
    i.HAL_UART_RxCpltCallback                0x08003460   Section        0  main.o(i.HAL_UART_RxCpltCallback)
    i.HAL_UART_Transmit                      0x08003550   Section        0  stm32g4xx_hal_uart.o(i.HAL_UART_Transmit)
    i.HAL_UART_Transmit_IT                   0x08003600   Section        0  stm32g4xx_hal_uart.o(i.HAL_UART_Transmit_IT)
    i.LL_ADC_GetOffsetChannel                0x08003698   Section        0  stm32g4xx_hal_adc.o(i.LL_ADC_GetOffsetChannel)
    LL_ADC_GetOffsetChannel                  0x08003699   Thumb Code    12  stm32g4xx_hal_adc.o(i.LL_ADC_GetOffsetChannel)
    i.LL_ADC_INJ_IsConversionOngoing         0x080036a4   Section        0  stm32g4xx_hal_adc.o(i.LL_ADC_INJ_IsConversionOngoing)
    LL_ADC_INJ_IsConversionOngoing           0x080036a5   Thumb Code     8  stm32g4xx_hal_adc.o(i.LL_ADC_INJ_IsConversionOngoing)
    i.LL_ADC_REG_IsConversionOngoing         0x080036ac   Section        0  stm32g4xx_hal_adc.o(i.LL_ADC_REG_IsConversionOngoing)
    LL_ADC_REG_IsConversionOngoing           0x080036ad   Thumb Code     8  stm32g4xx_hal_adc.o(i.LL_ADC_REG_IsConversionOngoing)
    i.LL_ADC_REG_IsConversionOngoing         0x080036b4   Section        0  stm32g4xx_hal_adc_ex.o(i.LL_ADC_REG_IsConversionOngoing)
    LL_ADC_REG_IsConversionOngoing           0x080036b5   Thumb Code     8  stm32g4xx_hal_adc_ex.o(i.LL_ADC_REG_IsConversionOngoing)
    i.LL_ADC_SetChannelSamplingTime          0x080036bc   Section        0  stm32g4xx_hal_adc.o(i.LL_ADC_SetChannelSamplingTime)
    LL_ADC_SetChannelSamplingTime            0x080036bd   Thumb Code    30  stm32g4xx_hal_adc.o(i.LL_ADC_SetChannelSamplingTime)
    i.LL_ADC_SetOffsetState                  0x080036da   Section        0  stm32g4xx_hal_adc.o(i.LL_ADC_SetOffsetState)
    LL_ADC_SetOffsetState                    0x080036db   Thumb Code    16  stm32g4xx_hal_adc.o(i.LL_ADC_SetOffsetState)
    i.MX_ADC1_Init                           0x080036ec   Section        0  adc.o(i.MX_ADC1_Init)
    i.MX_ADC2_Init                           0x0800377c   Section        0  adc.o(i.MX_ADC2_Init)
    i.MX_GPIO_Init                           0x080037f8   Section        0  gpio.o(i.MX_GPIO_Init)
    i.MX_SPI1_Init                           0x080038b0   Section        0  spi.o(i.MX_SPI1_Init)
    i.MX_TIM1_Init                           0x08003900   Section        0  tim.o(i.MX_TIM1_Init)
    i.MX_TIM6_Init                           0x080039ec   Section        0  tim.o(i.MX_TIM6_Init)
    i.MX_TIM7_Init                           0x08003a34   Section        0  tim.o(i.MX_TIM7_Init)
    i.MX_USART1_UART_Init                    0x08003a7c   Section        0  usart.o(i.MX_USART1_UART_Init)
    i.MX_USART3_UART_Init                    0x08003ae4   Section        0  usart.o(i.MX_USART3_UART_Init)
    i.SPI_EndRxTransaction                   0x08003b4c   Section        0  stm32g4xx_hal_spi.o(i.SPI_EndRxTransaction)
    SPI_EndRxTransaction                     0x08003b4d   Thumb Code   116  stm32g4xx_hal_spi.o(i.SPI_EndRxTransaction)
    i.SPI_EndRxTxTransaction                 0x08003bc0   Section        0  stm32g4xx_hal_spi.o(i.SPI_EndRxTxTransaction)
    SPI_EndRxTxTransaction                   0x08003bc1   Thumb Code    72  stm32g4xx_hal_spi.o(i.SPI_EndRxTxTransaction)
    i.SPI_WaitFifoStateUntilTimeout          0x08003c08   Section        0  stm32g4xx_hal_spi.o(i.SPI_WaitFifoStateUntilTimeout)
    SPI_WaitFifoStateUntilTimeout            0x08003c09   Thumb Code   218  stm32g4xx_hal_spi.o(i.SPI_WaitFifoStateUntilTimeout)
    i.SPI_WaitFlagStateUntilTimeout          0x08003ce8   Section        0  stm32g4xx_hal_spi.o(i.SPI_WaitFlagStateUntilTimeout)
    SPI_WaitFlagStateUntilTimeout            0x08003ce9   Thumb Code   180  stm32g4xx_hal_spi.o(i.SPI_WaitFlagStateUntilTimeout)
    i.SystemClock_Config                     0x08003da0   Section        0  main.o(i.SystemClock_Config)
    i.SystemInit                             0x08003e08   Section        0  system_stm32g4xx_1.o(i.SystemInit)
    i.TIM_Base_SetConfig                     0x08003e18   Section        0  stm32g4xx_hal_tim.o(i.TIM_Base_SetConfig)
    i.TIM_CCxChannelCmd                      0x08003ed4   Section        0  stm32g4xx_hal_tim.o(i.TIM_CCxChannelCmd)
    i.TIM_ETR_SetConfig                      0x08003eee   Section        0  stm32g4xx_hal_tim.o(i.TIM_ETR_SetConfig)
    i.TIM_ITRx_SetConfig                     0x08003f04   Section        0  stm32g4xx_hal_tim.o(i.TIM_ITRx_SetConfig)
    TIM_ITRx_SetConfig                       0x08003f05   Thumb Code    16  stm32g4xx_hal_tim.o(i.TIM_ITRx_SetConfig)
    i.TIM_OC1_SetConfig                      0x08003f18   Section        0  stm32g4xx_hal_tim.o(i.TIM_OC1_SetConfig)
    TIM_OC1_SetConfig                        0x08003f19   Thumb Code   132  stm32g4xx_hal_tim.o(i.TIM_OC1_SetConfig)
    i.TIM_OC2_SetConfig                      0x08003fb4   Section        0  stm32g4xx_hal_tim.o(i.TIM_OC2_SetConfig)
    i.TIM_OC3_SetConfig                      0x08004044   Section        0  stm32g4xx_hal_tim.o(i.TIM_OC3_SetConfig)
    TIM_OC3_SetConfig                        0x08004045   Thumb Code   118  stm32g4xx_hal_tim.o(i.TIM_OC3_SetConfig)
    i.TIM_OC4_SetConfig                      0x080040d4   Section        0  stm32g4xx_hal_tim.o(i.TIM_OC4_SetConfig)
    TIM_OC4_SetConfig                        0x080040d5   Thumb Code   120  stm32g4xx_hal_tim.o(i.TIM_OC4_SetConfig)
    i.TIM_OC5_SetConfig                      0x08004164   Section        0  stm32g4xx_hal_tim.o(i.TIM_OC5_SetConfig)
    TIM_OC5_SetConfig                        0x08004165   Thumb Code    86  stm32g4xx_hal_tim.o(i.TIM_OC5_SetConfig)
    i.TIM_OC6_SetConfig                      0x080041d4   Section        0  stm32g4xx_hal_tim.o(i.TIM_OC6_SetConfig)
    TIM_OC6_SetConfig                        0x080041d5   Thumb Code    88  stm32g4xx_hal_tim.o(i.TIM_OC6_SetConfig)
    i.TIM_TI1_ConfigInputStage               0x08004244   Section        0  stm32g4xx_hal_tim.o(i.TIM_TI1_ConfigInputStage)
    TIM_TI1_ConfigInputStage                 0x08004245   Thumb Code    34  stm32g4xx_hal_tim.o(i.TIM_TI1_ConfigInputStage)
    i.TIM_TI2_ConfigInputStage               0x08004266   Section        0  stm32g4xx_hal_tim.o(i.TIM_TI2_ConfigInputStage)
    TIM_TI2_ConfigInputStage                 0x08004267   Thumb Code    36  stm32g4xx_hal_tim.o(i.TIM_TI2_ConfigInputStage)
    i.UARTEx_SetNbDataToProcess              0x0800428c   Section        0  stm32g4xx_hal_uart_ex.o(i.UARTEx_SetNbDataToProcess)
    UARTEx_SetNbDataToProcess                0x0800428d   Thumb Code    62  stm32g4xx_hal_uart_ex.o(i.UARTEx_SetNbDataToProcess)
    i.UART_AdvFeatureConfig                  0x080042d0   Section        0  stm32g4xx_hal_uart.o(i.UART_AdvFeatureConfig)
    i.UART_CheckIdleState                    0x08004398   Section        0  stm32g4xx_hal_uart.o(i.UART_CheckIdleState)
    i.UART_EndRxTransfer                     0x08004444   Section        0  stm32g4xx_hal_uart.o(i.UART_EndRxTransfer)
    UART_EndRxTransfer                       0x08004445   Thumb Code    78  stm32g4xx_hal_uart.o(i.UART_EndRxTransfer)
    i.UART_RxISR_16BIT                       0x08004498   Section        0  stm32g4xx_hal_uart.o(i.UART_RxISR_16BIT)
    UART_RxISR_16BIT                         0x08004499   Thumb Code   196  stm32g4xx_hal_uart.o(i.UART_RxISR_16BIT)
    i.UART_RxISR_16BIT_FIFOEN                0x08004560   Section        0  stm32g4xx_hal_uart.o(i.UART_RxISR_16BIT_FIFOEN)
    UART_RxISR_16BIT_FIFOEN                  0x08004561   Thumb Code   402  stm32g4xx_hal_uart.o(i.UART_RxISR_16BIT_FIFOEN)
    i.UART_RxISR_8BIT                        0x08004700   Section        0  stm32g4xx_hal_uart.o(i.UART_RxISR_8BIT)
    UART_RxISR_8BIT                          0x08004701   Thumb Code   196  stm32g4xx_hal_uart.o(i.UART_RxISR_8BIT)
    i.UART_RxISR_8BIT_FIFOEN                 0x080047c8   Section        0  stm32g4xx_hal_uart.o(i.UART_RxISR_8BIT_FIFOEN)
    UART_RxISR_8BIT_FIFOEN                   0x080047c9   Thumb Code   402  stm32g4xx_hal_uart.o(i.UART_RxISR_8BIT_FIFOEN)
    i.UART_SetConfig                         0x08004968   Section        0  stm32g4xx_hal_uart.o(i.UART_SetConfig)
    i.UART_Start_Receive_IT                  0x08004bdc   Section        0  stm32g4xx_hal_uart.o(i.UART_Start_Receive_IT)
    i.UART_TxISR_16BIT                       0x08004cec   Section        0  stm32g4xx_hal_uart.o(i.UART_TxISR_16BIT)
    UART_TxISR_16BIT                         0x08004ced   Thumb Code    82  stm32g4xx_hal_uart.o(i.UART_TxISR_16BIT)
    i.UART_TxISR_16BIT_FIFOEN                0x08004d40   Section        0  stm32g4xx_hal_uart.o(i.UART_TxISR_16BIT_FIFOEN)
    UART_TxISR_16BIT_FIFOEN                  0x08004d41   Thumb Code   106  stm32g4xx_hal_uart.o(i.UART_TxISR_16BIT_FIFOEN)
    i.UART_TxISR_8BIT                        0x08004daa   Section        0  stm32g4xx_hal_uart.o(i.UART_TxISR_8BIT)
    UART_TxISR_8BIT                          0x08004dab   Thumb Code    78  stm32g4xx_hal_uart.o(i.UART_TxISR_8BIT)
    i.UART_TxISR_8BIT_FIFOEN                 0x08004df8   Section        0  stm32g4xx_hal_uart.o(i.UART_TxISR_8BIT_FIFOEN)
    UART_TxISR_8BIT_FIFOEN                   0x08004df9   Thumb Code   102  stm32g4xx_hal_uart.o(i.UART_TxISR_8BIT_FIFOEN)
    i.UART_WaitOnFlagUntilTimeout            0x08004e5e   Section        0  stm32g4xx_hal_uart.o(i.UART_WaitOnFlagUntilTimeout)
    i.__0printf                              0x08004ef4   Section        0  printfa.o(i.__0printf)
    i.__0snprintf                            0x08004f14   Section        0  printfa.o(i.__0snprintf)
    i.__NVIC_SetPriority                     0x08004f48   Section        0  stm32g4xx_hal_cortex.o(i.__NVIC_SetPriority)
    __NVIC_SetPriority                       0x08004f49   Thumb Code    32  stm32g4xx_hal_cortex.o(i.__NVIC_SetPriority)
    i.__scatterload_copy                     0x08004f68   Section       14  handlers.o(i.__scatterload_copy)
    i.__scatterload_null                     0x08004f76   Section        2  handlers.o(i.__scatterload_null)
    i.__scatterload_zeroinit                 0x08004f78   Section       14  handlers.o(i.__scatterload_zeroinit)
    i._fp_digits                             0x08004f88   Section        0  printfa.o(i._fp_digits)
    _fp_digits                               0x08004f89   Thumb Code   366  printfa.o(i._fp_digits)
    i._printf_core                           0x0800510c   Section        0  printfa.o(i._printf_core)
    _printf_core                             0x0800510d   Thumb Code  1704  printfa.o(i._printf_core)
    i._printf_post_padding                   0x080057c0   Section        0  printfa.o(i._printf_post_padding)
    _printf_post_padding                     0x080057c1   Thumb Code    36  printfa.o(i._printf_post_padding)
    i._printf_pre_padding                    0x080057e4   Section        0  printfa.o(i._printf_pre_padding)
    _printf_pre_padding                      0x080057e5   Thumb Code    46  printfa.o(i._printf_pre_padding)
    i._snputc                                0x08005812   Section        0  printfa.o(i._snputc)
    _snputc                                  0x08005813   Thumb Code    22  printfa.o(i._snputc)
    i.fputc                                  0x08005828   Section        0  main.o(i.fputc)
    i.led254_blink                           0x0800584c   Section        0  led.o(i.led254_blink)
    i.led550_blink                           0x080058b4   Section        0  led.o(i.led550_blink)
    i.main                                   0x08005918   Section        0  main.o(i.main)
    .constdata                               0x08005a18   Section      112  led.o(.constdata)
    <Data1>                                  0x08005a18   Data          28  led.o(.constdata)
    <Data2>                                  0x08005a34   Data          28  led.o(.constdata)
    <Data3>                                  0x08005a50   Data          28  led.o(.constdata)
    .constdata                               0x08005a88   Section       24  stm32g4xx_hal_uart.o(.constdata)
    .constdata                               0x08005aa0   Section       16  stm32g4xx_hal_uart_ex.o(.constdata)
    numerator                                0x08005aa0   Data           8  stm32g4xx_hal_uart_ex.o(.constdata)
    denominator                              0x08005aa8   Data           8  stm32g4xx_hal_uart_ex.o(.constdata)
    .constdata                               0x08005ab0   Section       16  system_stm32g4xx_1.o(.constdata)
    .constdata                               0x08005ac0   Section        8  system_stm32g4xx_1.o(.constdata)
    .data                                    0x20000000   Section       21  main.o(.data)
    usart3_cmd_state                         0x20000000   Data           1  main.o(.data)
    usart3_cmd_index                         0x20000001   Data           1  main.o(.data)
    usart3_cmd_buffer                        0x20000010   Data           5  main.o(.data)
    .data                                    0x20000018   Section        4  adc.o(.data)
    HAL_RCC_ADC12_CLK_ENABLED                0x20000018   Data           4  adc.o(.data)
    .data                                    0x2000001c   Section       12  stm32g4xx_hal.o(.data)
    .data                                    0x20000028   Section        4  system_stm32g4xx_1.o(.data)
    .data                                    0x2000002c   Section        4  stdout.o(.data)
    .bss                                     0x20000030   Section       84  main.o(.bss)
    .bss                                     0x20000084   Section      216  adc.o(.bss)
    .bss                                     0x2000015c   Section      100  spi.o(.bss)
    .bss                                     0x200001c0   Section      228  tim.o(.bss)
    .bss                                     0x200002a4   Section      296  usart.o(.bss)
    STACK                                    0x200003d0   Section     1024  startup_stm32g431xx.o(STACK)

    Global Symbols

    Symbol Name                              Value     Ov Type        Size  Object(Section)

    BuildAttributes$$THM_ISAv4$E$P$D$K$B$S$7EM$VFPi3$EXTD16$VFPS$VFMA$PE$A:L22UL41UL21$X:L11$S22US41US21$IEEE1$IW$USESV6$~STKCKD$USESV7$~SHL$OTIME$ROPI$EBA8$MICROLIB$REQ8$PRES8$EABIv2 0x00000000   Number         0  anon$$obj.o ABSOLUTE
    __ARM_use_no_argv                        0x00000000   Number         0  main.o ABSOLUTE
    _printf_a                                0x00000000   Number         0  stubs.o ABSOLUTE
    _printf_c                                0x00000000   Number         0  stubs.o ABSOLUTE
    _printf_charcount                        0x00000000   Number         0  stubs.o ABSOLUTE
    _printf_d                                0x00000000   Number         0  stubs.o ABSOLUTE
    _printf_e                                0x00000000   Number         0  stubs.o ABSOLUTE
    _printf_f                                0x00000000   Number         0  stubs.o ABSOLUTE
    _printf_flags                            0x00000000   Number         0  stubs.o ABSOLUTE
    _printf_fp_dec                           0x00000000   Number         0  stubs.o ABSOLUTE
    _printf_fp_hex                           0x00000000   Number         0  stubs.o ABSOLUTE
    _printf_g                                0x00000000   Number         0  stubs.o ABSOLUTE
    _printf_i                                0x00000000   Number         0  stubs.o ABSOLUTE
    _printf_int_dec                          0x00000000   Number         0  stubs.o ABSOLUTE
    _printf_l                                0x00000000   Number         0  stubs.o ABSOLUTE
    _printf_lc                               0x00000000   Number         0  stubs.o ABSOLUTE
    _printf_ll                               0x00000000   Number         0  stubs.o ABSOLUTE
    _printf_lld                              0x00000000   Number         0  stubs.o ABSOLUTE
    _printf_lli                              0x00000000   Number         0  stubs.o ABSOLUTE
    _printf_llo                              0x00000000   Number         0  stubs.o ABSOLUTE
    _printf_llu                              0x00000000   Number         0  stubs.o ABSOLUTE
    _printf_llx                              0x00000000   Number         0  stubs.o ABSOLUTE
    _printf_longlong_dec                     0x00000000   Number         0  stubs.o ABSOLUTE
    _printf_longlong_hex                     0x00000000   Number         0  stubs.o ABSOLUTE
    _printf_longlong_oct                     0x00000000   Number         0  stubs.o ABSOLUTE
    _printf_ls                               0x00000000   Number         0  stubs.o ABSOLUTE
    _printf_mbtowc                           0x00000000   Number         0  stubs.o ABSOLUTE
    _printf_n                                0x00000000   Number         0  stubs.o ABSOLUTE
    _printf_o                                0x00000000   Number         0  stubs.o ABSOLUTE
    _printf_p                                0x00000000   Number         0  stubs.o ABSOLUTE
    _printf_percent                          0x00000000   Number         0  stubs.o ABSOLUTE
    _printf_pre_padding                      0x00000000   Number         0  stubs.o ABSOLUTE
    _printf_return_value                     0x00000000   Number         0  stubs.o ABSOLUTE
    _printf_s                                0x00000000   Number         0  stubs.o ABSOLUTE
    _printf_sizespec                         0x00000000   Number         0  stubs.o ABSOLUTE
    _printf_str                              0x00000000   Number         0  stubs.o ABSOLUTE
    _printf_truncate_signed                  0x00000000   Number         0  stubs.o ABSOLUTE
    _printf_truncate_unsigned                0x00000000   Number         0  stubs.o ABSOLUTE
    _printf_u                                0x00000000   Number         0  stubs.o ABSOLUTE
    _printf_wc                               0x00000000   Number         0  stubs.o ABSOLUTE
    _printf_wctomb                           0x00000000   Number         0  stubs.o ABSOLUTE
    _printf_widthprec                        0x00000000   Number         0  stubs.o ABSOLUTE
    _printf_x                                0x00000000   Number         0  stubs.o ABSOLUTE
    __arm_fini_                               - Undefined Weak Reference
    __cpp_initialize__aeabi_                  - Undefined Weak Reference
    __cxa_finalize                            - Undefined Weak Reference
    __decompress                              - Undefined Weak Reference
    _clock_init                               - Undefined Weak Reference
    _microlib_exit                            - Undefined Weak Reference
    __Vectors_Size                           0x000001d8   Number         0  startup_stm32g431xx.o ABSOLUTE
    __Vectors                                0x08000000   Data           4  startup_stm32g431xx.o(RESET)
    __Vectors_End                            0x080001d8   Data           0  startup_stm32g431xx.o(RESET)
    __main                                   0x080001d9   Thumb Code     0  entry.o(.ARM.Collect$$$$00000000)
    _main_stk                                0x080001d9   Thumb Code     0  entry2.o(.ARM.Collect$$$$00000001)
    _main_scatterload                        0x080001dd   Thumb Code     0  entry5.o(.ARM.Collect$$$$00000004)
    __main_after_scatterload                 0x080001e1   Thumb Code     0  entry5.o(.ARM.Collect$$$$00000004)
    _main_clock                              0x080001e1   Thumb Code     0  entry7b.o(.ARM.Collect$$$$00000008)
    _main_cpp_init                           0x080001e1   Thumb Code     0  entry8b.o(.ARM.Collect$$$$0000000A)
    _main_init                               0x080001e1   Thumb Code     0  entry9a.o(.ARM.Collect$$$$0000000B)
    __rt_lib_shutdown_fini                   0x080001e9   Thumb Code     0  entry12b.o(.ARM.Collect$$$$0000000E)
    __rt_final_cpp                           0x080001ed   Thumb Code     0  entry10a.o(.ARM.Collect$$$$0000000F)
    __rt_final_exit                          0x080001ed   Thumb Code     0  entry11a.o(.ARM.Collect$$$$00000011)
    Reset_Handler                            0x080001f1   Thumb Code     8  startup_stm32g431xx.o(.text)
    NMI_Handler                              0x080001f9   Thumb Code     2  startup_stm32g431xx.o(.text)
    HardFault_Handler                        0x080001fb   Thumb Code     2  startup_stm32g431xx.o(.text)
    MemManage_Handler                        0x080001fd   Thumb Code     2  startup_stm32g431xx.o(.text)
    BusFault_Handler                         0x080001ff   Thumb Code     2  startup_stm32g431xx.o(.text)
    UsageFault_Handler                       0x08000201   Thumb Code     2  startup_stm32g431xx.o(.text)
    SVC_Handler                              0x08000203   Thumb Code     2  startup_stm32g431xx.o(.text)
    DebugMon_Handler                         0x08000205   Thumb Code     2  startup_stm32g431xx.o(.text)
    PendSV_Handler                           0x08000207   Thumb Code     2  startup_stm32g431xx.o(.text)
    SysTick_Handler                          0x08000209   Thumb Code     2  startup_stm32g431xx.o(.text)
    ADC1_2_IRQHandler                        0x0800020b   Thumb Code     0  startup_stm32g431xx.o(.text)
    COMP1_2_3_IRQHandler                     0x0800020b   Thumb Code     0  startup_stm32g431xx.o(.text)
    COMP4_IRQHandler                         0x0800020b   Thumb Code     0  startup_stm32g431xx.o(.text)
    CORDIC_IRQHandler                        0x0800020b   Thumb Code     0  startup_stm32g431xx.o(.text)
    CRS_IRQHandler                           0x0800020b   Thumb Code     0  startup_stm32g431xx.o(.text)
    DMA1_Channel1_IRQHandler                 0x0800020b   Thumb Code     0  startup_stm32g431xx.o(.text)
    DMA1_Channel2_IRQHandler                 0x0800020b   Thumb Code     0  startup_stm32g431xx.o(.text)
    DMA1_Channel3_IRQHandler                 0x0800020b   Thumb Code     0  startup_stm32g431xx.o(.text)
    DMA1_Channel4_IRQHandler                 0x0800020b   Thumb Code     0  startup_stm32g431xx.o(.text)
    DMA1_Channel5_IRQHandler                 0x0800020b   Thumb Code     0  startup_stm32g431xx.o(.text)
    DMA1_Channel6_IRQHandler                 0x0800020b   Thumb Code     0  startup_stm32g431xx.o(.text)
    DMA2_Channel1_IRQHandler                 0x0800020b   Thumb Code     0  startup_stm32g431xx.o(.text)
    DMA2_Channel2_IRQHandler                 0x0800020b   Thumb Code     0  startup_stm32g431xx.o(.text)
    DMA2_Channel3_IRQHandler                 0x0800020b   Thumb Code     0  startup_stm32g431xx.o(.text)
    DMA2_Channel4_IRQHandler                 0x0800020b   Thumb Code     0  startup_stm32g431xx.o(.text)
    DMA2_Channel5_IRQHandler                 0x0800020b   Thumb Code     0  startup_stm32g431xx.o(.text)
    DMA2_Channel6_IRQHandler                 0x0800020b   Thumb Code     0  startup_stm32g431xx.o(.text)
    DMAMUX_OVR_IRQHandler                    0x0800020b   Thumb Code     0  startup_stm32g431xx.o(.text)
    EXTI0_IRQHandler                         0x0800020b   Thumb Code     0  startup_stm32g431xx.o(.text)
    EXTI15_10_IRQHandler                     0x0800020b   Thumb Code     0  startup_stm32g431xx.o(.text)
    EXTI1_IRQHandler                         0x0800020b   Thumb Code     0  startup_stm32g431xx.o(.text)
    EXTI2_IRQHandler                         0x0800020b   Thumb Code     0  startup_stm32g431xx.o(.text)
    EXTI3_IRQHandler                         0x0800020b   Thumb Code     0  startup_stm32g431xx.o(.text)
    EXTI4_IRQHandler                         0x0800020b   Thumb Code     0  startup_stm32g431xx.o(.text)
    EXTI9_5_IRQHandler                       0x0800020b   Thumb Code     0  startup_stm32g431xx.o(.text)
    FDCAN1_IT0_IRQHandler                    0x0800020b   Thumb Code     0  startup_stm32g431xx.o(.text)
    FDCAN1_IT1_IRQHandler                    0x0800020b   Thumb Code     0  startup_stm32g431xx.o(.text)
    FLASH_IRQHandler                         0x0800020b   Thumb Code     0  startup_stm32g431xx.o(.text)
    FMAC_IRQHandler                          0x0800020b   Thumb Code     0  startup_stm32g431xx.o(.text)
    FPU_IRQHandler                           0x0800020b   Thumb Code     0  startup_stm32g431xx.o(.text)
    I2C1_ER_IRQHandler                       0x0800020b   Thumb Code     0  startup_stm32g431xx.o(.text)
    I2C1_EV_IRQHandler                       0x0800020b   Thumb Code     0  startup_stm32g431xx.o(.text)
    I2C2_ER_IRQHandler                       0x0800020b   Thumb Code     0  startup_stm32g431xx.o(.text)
    I2C2_EV_IRQHandler                       0x0800020b   Thumb Code     0  startup_stm32g431xx.o(.text)
    I2C3_ER_IRQHandler                       0x0800020b   Thumb Code     0  startup_stm32g431xx.o(.text)
    I2C3_EV_IRQHandler                       0x0800020b   Thumb Code     0  startup_stm32g431xx.o(.text)
    LPTIM1_IRQHandler                        0x0800020b   Thumb Code     0  startup_stm32g431xx.o(.text)
    LPUART1_IRQHandler                       0x0800020b   Thumb Code     0  startup_stm32g431xx.o(.text)
    PVD_PVM_IRQHandler                       0x0800020b   Thumb Code     0  startup_stm32g431xx.o(.text)
    RCC_IRQHandler                           0x0800020b   Thumb Code     0  startup_stm32g431xx.o(.text)
    RNG_IRQHandler                           0x0800020b   Thumb Code     0  startup_stm32g431xx.o(.text)
    RTC_Alarm_IRQHandler                     0x0800020b   Thumb Code     0  startup_stm32g431xx.o(.text)
    RTC_TAMP_LSECSS_IRQHandler               0x0800020b   Thumb Code     0  startup_stm32g431xx.o(.text)
    RTC_WKUP_IRQHandler                      0x0800020b   Thumb Code     0  startup_stm32g431xx.o(.text)
    SAI1_IRQHandler                          0x0800020b   Thumb Code     0  startup_stm32g431xx.o(.text)
    SPI1_IRQHandler                          0x0800020b   Thumb Code     0  startup_stm32g431xx.o(.text)
    SPI2_IRQHandler                          0x0800020b   Thumb Code     0  startup_stm32g431xx.o(.text)
    SPI3_IRQHandler                          0x0800020b   Thumb Code     0  startup_stm32g431xx.o(.text)
    TIM1_BRK_TIM15_IRQHandler                0x0800020b   Thumb Code     0  startup_stm32g431xx.o(.text)
    TIM1_CC_IRQHandler                       0x0800020b   Thumb Code     0  startup_stm32g431xx.o(.text)
    TIM1_TRG_COM_TIM17_IRQHandler            0x0800020b   Thumb Code     0  startup_stm32g431xx.o(.text)
    TIM1_UP_TIM16_IRQHandler                 0x0800020b   Thumb Code     0  startup_stm32g431xx.o(.text)
    TIM2_IRQHandler                          0x0800020b   Thumb Code     0  startup_stm32g431xx.o(.text)
    TIM3_IRQHandler                          0x0800020b   Thumb Code     0  startup_stm32g431xx.o(.text)
    TIM4_IRQHandler                          0x0800020b   Thumb Code     0  startup_stm32g431xx.o(.text)
    TIM6_DAC_IRQHandler                      0x0800020b   Thumb Code     0  startup_stm32g431xx.o(.text)
    TIM7_IRQHandler                          0x0800020b   Thumb Code     0  startup_stm32g431xx.o(.text)
    TIM8_BRK_IRQHandler                      0x0800020b   Thumb Code     0  startup_stm32g431xx.o(.text)
    TIM8_CC_IRQHandler                       0x0800020b   Thumb Code     0  startup_stm32g431xx.o(.text)
    TIM8_TRG_COM_IRQHandler                  0x0800020b   Thumb Code     0  startup_stm32g431xx.o(.text)
    TIM8_UP_IRQHandler                       0x0800020b   Thumb Code     0  startup_stm32g431xx.o(.text)
    UART4_IRQHandler                         0x0800020b   Thumb Code     0  startup_stm32g431xx.o(.text)
    UCPD1_IRQHandler                         0x0800020b   Thumb Code     0  startup_stm32g431xx.o(.text)
    USART1_IRQHandler                        0x0800020b   Thumb Code     0  startup_stm32g431xx.o(.text)
    USART2_IRQHandler                        0x0800020b   Thumb Code     0  startup_stm32g431xx.o(.text)
    USART3_IRQHandler                        0x0800020b   Thumb Code     0  startup_stm32g431xx.o(.text)
    USBWakeUp_IRQHandler                     0x0800020b   Thumb Code     0  startup_stm32g431xx.o(.text)
    USB_HP_IRQHandler                        0x0800020b   Thumb Code     0  startup_stm32g431xx.o(.text)
    USB_LP_IRQHandler                        0x0800020b   Thumb Code     0  startup_stm32g431xx.o(.text)
    WWDG_IRQHandler                          0x0800020b   Thumb Code     0  startup_stm32g431xx.o(.text)
    __aeabi_uldivmod                         0x08000215   Thumb Code    98  uldiv.o(.text)
    __aeabi_memcpy                           0x08000277   Thumb Code    36  memcpya.o(.text)
    __aeabi_memcpy4                          0x08000277   Thumb Code     0  memcpya.o(.text)
    __aeabi_memcpy8                          0x08000277   Thumb Code     0  memcpya.o(.text)
    __aeabi_memset                           0x0800029b   Thumb Code    14  memseta.o(.text)
    __aeabi_memset4                          0x0800029b   Thumb Code     0  memseta.o(.text)
    __aeabi_memset8                          0x0800029b   Thumb Code     0  memseta.o(.text)
    __aeabi_memclr                           0x080002a9   Thumb Code     4  memseta.o(.text)
    __aeabi_memclr4                          0x080002a9   Thumb Code     0  memseta.o(.text)
    __aeabi_memclr8                          0x080002a9   Thumb Code     0  memseta.o(.text)
    _memset$wrapper                          0x080002ad   Thumb Code    18  memseta.o(.text)
    __aeabi_dmul                             0x080002bf   Thumb Code   228  dmul.o(.text)
    __aeabi_i2d                              0x080003a3   Thumb Code    34  dflti.o(.text)
    __aeabi_f2d                              0x080003c5   Thumb Code    38  f2d.o(.text)
    __aeabi_d2f                              0x080003eb   Thumb Code    56  d2f.o(.text)
    __aeabi_uidiv                            0x08000423   Thumb Code     0  uidiv.o(.text)
    __aeabi_uidivmod                         0x08000423   Thumb Code    44  uidiv.o(.text)
    __aeabi_llsl                             0x0800044f   Thumb Code    30  llshl.o(.text)
    _ll_shift_l                              0x0800044f   Thumb Code     0  llshl.o(.text)
    __aeabi_llsr                             0x0800046d   Thumb Code    32  llushr.o(.text)
    _ll_ushift_r                             0x0800046d   Thumb Code     0  llushr.o(.text)
    __I$use$fp                               0x0800048d   Thumb Code     0  iusefp.o(.text)
    _float_round                             0x0800048d   Thumb Code    18  fepilogue.o(.text)
    _float_epilogue                          0x0800049f   Thumb Code    92  fepilogue.o(.text)
    _double_round                            0x080004fb   Thumb Code    30  depilogue.o(.text)
    _double_epilogue                         0x08000519   Thumb Code   156  depilogue.o(.text)
    __aeabi_dadd                             0x080005b5   Thumb Code   322  dadd.o(.text)
    __aeabi_dsub                             0x080006f7   Thumb Code     6  dadd.o(.text)
    __aeabi_drsub                            0x080006fd   Thumb Code     6  dadd.o(.text)
    __aeabi_ddiv                             0x08000703   Thumb Code   222  ddiv.o(.text)
    __aeabi_d2ulz                            0x080007e1   Thumb Code    48  dfixul.o(.text)
    __aeabi_cdrcmple                         0x08000811   Thumb Code    48  cdrcmple.o(.text)
    __scatterload                            0x08000841   Thumb Code    28  init.o(.text)
    __scatterload_rt2                        0x08000841   Thumb Code     0  init.o(.text)
    __aeabi_lasr                             0x08000865   Thumb Code    36  llsshr.o(.text)
    _ll_sshift_r                             0x08000865   Thumb Code     0  llsshr.o(.text)
    ADS1220_ChannelSelect                    0x08000889   Thumb Code    90  ads1220.o(i.ADS1220_ChannelSelect)
    ADS1220_DebugPrintRegisters              0x080008e5   Thumb Code    72  ads1220.o(i.ADS1220_DebugPrintRegisters)
    ADS1220_InitStruct                       0x08000999   Thumb Code    20  ads1220.o(i.ADS1220_InitStruct)
    ADS1220_ReadConvertOnce                  0x080009ad   Thumb Code    42  ads1220.o(i.ADS1220_ReadConvertOnce)
    ADS1220_ReadData                         0x080009d7   Thumb Code   124  ads1220.o(i.ADS1220_ReadData)
    ADS1220_ReadRegisters                    0x08000a53   Thumb Code   114  ads1220.o(i.ADS1220_ReadRegisters)
    ADS1220_Reset                            0x08000ac5   Thumb Code    18  ads1220.o(i.ADS1220_Reset)
    ADS1220_Start                            0x08000b29   Thumb Code    18  ads1220.o(i.ADS1220_Start)
    ADS1220_WaitDRDY                         0x08000b3d   Thumb Code    44  ads1220.o(i.ADS1220_WaitDRDY)
    ADS1220_WriteRegisters                   0x08000b69   Thumb Code   114  ads1220.o(i.ADS1220_WriteRegisters)
    BoomTest                                 0x08000bdd   Thumb Code   282  allset.o(i.BoomTest)
    DS18B20_Get_Temp                         0x08000d39   Thumb Code   100  ds18b20.o(i.DS18B20_Get_Temp)
    DS18B20_Read_Byte                        0x08000e53   Thumb Code    86  ds18b20.o(i.DS18B20_Read_Byte)
    DS18B20_Write_Byte                       0x08000edd   Thumb Code   100  ds18b20.o(i.DS18B20_Write_Byte)
    Error_Handler                            0x08000f41   Thumb Code     4  main.o(i.Error_Handler)
    HAL_ADCEx_MultiModeConfigChannel         0x08000f45   Thumb Code   208  stm32g4xx_hal_adc_ex.o(i.HAL_ADCEx_MultiModeConfigChannel)
    HAL_ADC_ConfigChannel                    0x0800101d   Thumb Code  1006  stm32g4xx_hal_adc.o(i.HAL_ADC_ConfigChannel)
    HAL_ADC_Init                             0x08001441   Thumb Code   466  stm32g4xx_hal_adc.o(i.HAL_ADC_Init)
    HAL_ADC_MspInit                          0x08001635   Thumb Code   200  adc.o(i.HAL_ADC_MspInit)
    HAL_Delay                                0x08001709   Thumb Code    32  stm32g4xx_hal.o(i.HAL_Delay)
    HAL_Delay_Us                             0x0800172d   Thumb Code    80  tim.o(i.HAL_Delay_Us)
    HAL_GPIO_Init                            0x08001781   Thumb Code   550  stm32g4xx_hal_gpio.o(i.HAL_GPIO_Init)
    HAL_GPIO_ReadPin                         0x080019c9   Thumb Code    10  stm32g4xx_hal_gpio.o(i.HAL_GPIO_ReadPin)
    HAL_GPIO_TogglePin                       0x080019d3   Thumb Code    16  stm32g4xx_hal_gpio.o(i.HAL_GPIO_TogglePin)
    HAL_GPIO_WritePin                        0x080019e3   Thumb Code    10  stm32g4xx_hal_gpio.o(i.HAL_GPIO_WritePin)
    HAL_GetTick                              0x080019ed   Thumb Code     6  stm32g4xx_hal.o(i.HAL_GetTick)
    HAL_Init                                 0x080019f9   Thumb Code    30  stm32g4xx_hal.o(i.HAL_Init)
    HAL_InitTick                             0x08001a19   Thumb Code    58  stm32g4xx_hal.o(i.HAL_InitTick)
    HAL_MspInit                              0x08001a5d   Thumb Code     2  stm32g4xx_hal.o(i.HAL_MspInit)
    HAL_NVIC_EnableIRQ                       0x08001a5f   Thumb Code    26  stm32g4xx_hal_cortex.o(i.HAL_NVIC_EnableIRQ)
    HAL_NVIC_SetPriority                     0x08001a79   Thumb Code    60  stm32g4xx_hal_cortex.o(i.HAL_NVIC_SetPriority)
    HAL_NVIC_SetPriorityGrouping             0x08001ab9   Thumb Code    26  stm32g4xx_hal_cortex.o(i.HAL_NVIC_SetPriorityGrouping)
    HAL_PWREx_ControlVoltageScaling          0x08001add   Thumb Code   174  stm32g4xx_hal_pwr_ex.o(i.HAL_PWREx_ControlVoltageScaling)
    HAL_RCCEx_PeriphCLKConfig                0x08001b99   Thumb Code   638  stm32g4xx_hal_rcc_ex.o(i.HAL_RCCEx_PeriphCLKConfig)
    HAL_RCC_ClockConfig                      0x08001e21   Thumb Code   428  stm32g4xx_hal_rcc.o(i.HAL_RCC_ClockConfig)
    HAL_RCC_GetPCLK1Freq                     0x08001fe9   Thumb Code    24  stm32g4xx_hal_rcc.o(i.HAL_RCC_GetPCLK1Freq)
    HAL_RCC_GetPCLK2Freq                     0x0800200d   Thumb Code    24  stm32g4xx_hal_rcc.o(i.HAL_RCC_GetPCLK2Freq)
    HAL_RCC_GetSysClockFreq                  0x08002031   Thumb Code    80  stm32g4xx_hal_rcc.o(i.HAL_RCC_GetSysClockFreq)
    HAL_RCC_OscConfig                        0x08002089   Thumb Code  1028  stm32g4xx_hal_rcc.o(i.HAL_RCC_OscConfig)
    HAL_SPI_Init                             0x0800248d   Thumb Code   234  stm32g4xx_hal_spi.o(i.HAL_SPI_Init)
    HAL_SPI_MspInit                          0x08002579   Thumb Code    88  spi.o(i.HAL_SPI_MspInit)
    HAL_SPI_Receive                          0x080025d9   Thumb Code   382  stm32g4xx_hal_spi.o(i.HAL_SPI_Receive)
    HAL_SPI_Transmit                         0x08002757   Thumb Code   398  stm32g4xx_hal_spi.o(i.HAL_SPI_Transmit)
    HAL_SPI_TransmitReceive                  0x080028e5   Thumb Code   626  stm32g4xx_hal_spi.o(i.HAL_SPI_TransmitReceive)
    HAL_SYSTICK_Config                       0x08002b57   Thumb Code    40  stm32g4xx_hal_cortex.o(i.HAL_SYSTICK_Config)
    HAL_TIMEx_ConfigBreakDeadTime            0x08002b81   Thumb Code   148  stm32g4xx_hal_tim_ex.o(i.HAL_TIMEx_ConfigBreakDeadTime)
    HAL_TIMEx_MasterConfigSynchronization    0x08002c1d   Thumb Code   132  stm32g4xx_hal_tim_ex.o(i.HAL_TIMEx_MasterConfigSynchronization)
    HAL_TIM_Base_Init                        0x08002cb9   Thumb Code    98  stm32g4xx_hal_tim.o(i.HAL_TIM_Base_Init)
    HAL_TIM_Base_MspInit                     0x08002d1d   Thumb Code    74  tim.o(i.HAL_TIM_Base_MspInit)
    HAL_TIM_Base_Start_IT                    0x08002d79   Thumb Code    94  stm32g4xx_hal_tim.o(i.HAL_TIM_Base_Start_IT)
    HAL_TIM_ConfigClockSource                0x08002df1   Thumb Code   246  stm32g4xx_hal_tim.o(i.HAL_TIM_ConfigClockSource)
    HAL_TIM_MspPostInit                      0x08002ef1   Thumb Code    68  tim.o(i.HAL_TIM_MspPostInit)
    HAL_TIM_PWM_ConfigChannel                0x08002f41   Thumb Code   292  stm32g4xx_hal_tim.o(i.HAL_TIM_PWM_ConfigChannel)
    HAL_TIM_PWM_Init                         0x08003065   Thumb Code    98  stm32g4xx_hal_tim.o(i.HAL_TIM_PWM_Init)
    HAL_TIM_PWM_MspInit                      0x080030c7   Thumb Code     2  stm32g4xx_hal_tim.o(i.HAL_TIM_PWM_MspInit)
    HAL_TIM_PWM_Start                        0x080030c9   Thumb Code   218  stm32g4xx_hal_tim.o(i.HAL_TIM_PWM_Start)
    HAL_UARTEx_DisableFifoMode               0x080031c5   Thumb Code    62  stm32g4xx_hal_uart_ex.o(i.HAL_UARTEx_DisableFifoMode)
    HAL_UARTEx_RxEventCallback               0x08003203   Thumb Code     2  stm32g4xx_hal_uart.o(i.HAL_UARTEx_RxEventCallback)
    HAL_UARTEx_SetRxFifoThreshold            0x08003205   Thumb Code    76  stm32g4xx_hal_uart_ex.o(i.HAL_UARTEx_SetRxFifoThreshold)
    HAL_UARTEx_SetTxFifoThreshold            0x08003251   Thumb Code    76  stm32g4xx_hal_uart_ex.o(i.HAL_UARTEx_SetTxFifoThreshold)
    HAL_UART_ErrorCallback                   0x0800329d   Thumb Code    20  main.o(i.HAL_UART_ErrorCallback)
    HAL_UART_Init                            0x080032bd   Thumb Code   106  stm32g4xx_hal_uart.o(i.HAL_UART_Init)
    HAL_UART_MspInit                         0x08003329   Thumb Code   220  usart.o(i.HAL_UART_MspInit)
    HAL_UART_Receive_IT                      0x08003419   Thumb Code    66  stm32g4xx_hal_uart.o(i.HAL_UART_Receive_IT)
    HAL_UART_RxCpltCallback                  0x08003461   Thumb Code   204  main.o(i.HAL_UART_RxCpltCallback)
    HAL_UART_Transmit                        0x08003551   Thumb Code   174  stm32g4xx_hal_uart.o(i.HAL_UART_Transmit)
    HAL_UART_Transmit_IT                     0x08003601   Thumb Code   134  stm32g4xx_hal_uart.o(i.HAL_UART_Transmit_IT)
    MX_ADC1_Init                             0x080036ed   Thumb Code   136  adc.o(i.MX_ADC1_Init)
    MX_ADC2_Init                             0x0800377d   Thumb Code   112  adc.o(i.MX_ADC2_Init)
    MX_GPIO_Init                             0x080037f9   Thumb Code   176  gpio.o(i.MX_GPIO_Init)
    MX_SPI1_Init                             0x080038b1   Thumb Code    70  spi.o(i.MX_SPI1_Init)
    MX_TIM1_Init                             0x08003901   Thumb Code   228  tim.o(i.MX_TIM1_Init)
    MX_TIM6_Init                             0x080039ed   Thumb Code    64  tim.o(i.MX_TIM6_Init)
    MX_TIM7_Init                             0x08003a35   Thumb Code    62  tim.o(i.MX_TIM7_Init)
    MX_USART1_UART_Init                      0x08003a7d   Thumb Code    94  usart.o(i.MX_USART1_UART_Init)
    MX_USART3_UART_Init                      0x08003ae5   Thumb Code    94  usart.o(i.MX_USART3_UART_Init)
    SystemClock_Config                       0x08003da1   Thumb Code   104  main.o(i.SystemClock_Config)
    SystemInit                               0x08003e09   Thumb Code    12  system_stm32g4xx_1.o(i.SystemInit)
    TIM_Base_SetConfig                       0x08003e19   Thumb Code   160  stm32g4xx_hal_tim.o(i.TIM_Base_SetConfig)
    TIM_CCxChannelCmd                        0x08003ed5   Thumb Code    26  stm32g4xx_hal_tim.o(i.TIM_CCxChannelCmd)
    TIM_ETR_SetConfig                        0x08003eef   Thumb Code    20  stm32g4xx_hal_tim.o(i.TIM_ETR_SetConfig)
    TIM_OC2_SetConfig                        0x08003fb5   Thumb Code   120  stm32g4xx_hal_tim.o(i.TIM_OC2_SetConfig)
    UART_AdvFeatureConfig                    0x080042d1   Thumb Code   200  stm32g4xx_hal_uart.o(i.UART_AdvFeatureConfig)
    UART_CheckIdleState                      0x08004399   Thumb Code   172  stm32g4xx_hal_uart.o(i.UART_CheckIdleState)
    UART_SetConfig                           0x08004969   Thumb Code   582  stm32g4xx_hal_uart.o(i.UART_SetConfig)
    UART_Start_Receive_IT                    0x08004bdd   Thumb Code   256  stm32g4xx_hal_uart.o(i.UART_Start_Receive_IT)
    UART_WaitOnFlagUntilTimeout              0x08004e5f   Thumb Code   148  stm32g4xx_hal_uart.o(i.UART_WaitOnFlagUntilTimeout)
    __0printf                                0x08004ef5   Thumb Code    22  printfa.o(i.__0printf)
    __1printf                                0x08004ef5   Thumb Code     0  printfa.o(i.__0printf)
    __2printf                                0x08004ef5   Thumb Code     0  printfa.o(i.__0printf)
    __c89printf                              0x08004ef5   Thumb Code     0  printfa.o(i.__0printf)
    printf                                   0x08004ef5   Thumb Code     0  printfa.o(i.__0printf)
    __0snprintf                              0x08004f15   Thumb Code    48  printfa.o(i.__0snprintf)
    __1snprintf                              0x08004f15   Thumb Code     0  printfa.o(i.__0snprintf)
    __2snprintf                              0x08004f15   Thumb Code     0  printfa.o(i.__0snprintf)
    __c89snprintf                            0x08004f15   Thumb Code     0  printfa.o(i.__0snprintf)
    snprintf                                 0x08004f15   Thumb Code     0  printfa.o(i.__0snprintf)
    __scatterload_copy                       0x08004f69   Thumb Code    14  handlers.o(i.__scatterload_copy)
    __scatterload_null                       0x08004f77   Thumb Code     2  handlers.o(i.__scatterload_null)
    __scatterload_zeroinit                   0x08004f79   Thumb Code    14  handlers.o(i.__scatterload_zeroinit)
    fputc                                    0x08005829   Thumb Code    32  main.o(i.fputc)
    led254_blink                             0x0800584d   Thumb Code    90  led.o(i.led254_blink)
    led550_blink                             0x080058b5   Thumb Code    86  led.o(i.led550_blink)
    main                                     0x08005919   Thumb Code   206  main.o(i.main)
    UARTPrescTable                           0x08005a88   Data          24  stm32g4xx_hal_uart.o(.constdata)
    AHBPrescTable                            0x08005ab0   Data          16  system_stm32g4xx_1.o(.constdata)
    APBPrescTable                            0x08005ac0   Data           8  system_stm32g4xx_1.o(.constdata)
    Region$$Table$$Base                      0x08005ac8   Number         0  anon$$obj.o(Region$$Table)
    Region$$Table$$Limit                     0x08005ae8   Number         0  anon$$obj.o(Region$$Table)
    usart3_rx_complete                       0x20000002   Data           1  main.o(.data)
    TestStart                                0x20000003   Data           1  main.o(.data)
    usart3_rx_index                          0x20000004   Data           2  main.o(.data)
    config_reg                               0x20000006   Data           4  main.o(.data)
    adc_data                                 0x2000000c   Data           4  main.o(.data)
    uwTickPrio                               0x2000001c   Data           4  stm32g4xx_hal.o(.data)
    uwTickFreq                               0x20000020   Data           4  stm32g4xx_hal.o(.data)
    uwTick                                   0x20000024   Data           4  stm32g4xx_hal.o(.data)
    SystemCoreClock                          0x20000028   Data           4  system_stm32g4xx_1.o(.data)
    __stdout                                 0x2000002c   Data           4  stdout.o(.data)
    hads1220                                 0x20000030   Data          20  main.o(.bss)
    usart3_rx_buffer                         0x20000044   Data          64  main.o(.bss)
    hadc1                                    0x20000084   Data         108  adc.o(.bss)
    hadc2                                    0x200000f0   Data         108  adc.o(.bss)
    hspi1                                    0x2000015c   Data         100  spi.o(.bss)
    htim1                                    0x200001c0   Data          76  tim.o(.bss)
    htim6                                    0x2000020c   Data          76  tim.o(.bss)
    htim7                                    0x20000258   Data          76  tim.o(.bss)
    huart1                                   0x200002a4   Data         148  usart.o(.bss)
    huart3                                   0x20000338   Data         148  usart.o(.bss)
    __initial_sp                             0x200007d0   Data           0  startup_stm32g431xx.o(STACK)



==============================================================================

Memory Map of the image

  Image Entry point : 0x080001d9

  Load Region LR_IROM1 (Base: 0x08000000, Size: 0x00005b18, Max: 0x00020000, ABSOLUTE)

    Execution Region ER_IROM1 (Exec base: 0x08000000, Load base: 0x08000000, Size: 0x00005ae8, Max: 0x00020000, ABSOLUTE)

    Exec Addr    Load Addr    Size         Type   Attr      Idx    E Section Name        Object

    0x08000000   0x08000000   0x000001d8   Data   RO            3    RESET               startup_stm32g431xx.o
    0x080001d8   0x080001d8   0x00000000   Code   RO         4734  * .ARM.Collect$$$$00000000  mc_w.l(entry.o)
    0x080001d8   0x080001d8   0x00000004   Code   RO         5014    .ARM.Collect$$$$00000001  mc_w.l(entry2.o)
    0x080001dc   0x080001dc   0x00000004   Code   RO         5017    .ARM.Collect$$$$00000004  mc_w.l(entry5.o)
    0x080001e0   0x080001e0   0x00000000   Code   RO         5019    .ARM.Collect$$$$00000008  mc_w.l(entry7b.o)
    0x080001e0   0x080001e0   0x00000000   Code   RO         5021    .ARM.Collect$$$$0000000A  mc_w.l(entry8b.o)
    0x080001e0   0x080001e0   0x00000008   Code   RO         5022    .ARM.Collect$$$$0000000B  mc_w.l(entry9a.o)
    0x080001e8   0x080001e8   0x00000004   Code   RO         5029    .ARM.Collect$$$$0000000E  mc_w.l(entry12b.o)
    0x080001ec   0x080001ec   0x00000000   Code   RO         5024    .ARM.Collect$$$$0000000F  mc_w.l(entry10a.o)
    0x080001ec   0x080001ec   0x00000000   Code   RO         5026    .ARM.Collect$$$$00000011  mc_w.l(entry11a.o)
    0x080001ec   0x080001ec   0x00000004   Code   RO         5015    .ARM.Collect$$$$00002712  mc_w.l(entry2.o)
    0x080001f0   0x080001f0   0x00000024   Code   RO            4    .text               startup_stm32g431xx.o
    0x08000214   0x08000214   0x00000062   Code   RO         4737    .text               mc_w.l(uldiv.o)
    0x08000276   0x08000276   0x00000024   Code   RO         4739    .text               mc_w.l(memcpya.o)
    0x0800029a   0x0800029a   0x00000024   Code   RO         4741    .text               mc_w.l(memseta.o)
    0x080002be   0x080002be   0x000000e4   Code   RO         5006    .text               mf_w.l(dmul.o)
    0x080003a2   0x080003a2   0x00000022   Code   RO         5008    .text               mf_w.l(dflti.o)
    0x080003c4   0x080003c4   0x00000026   Code   RO         5010    .text               mf_w.l(f2d.o)
    0x080003ea   0x080003ea   0x00000038   Code   RO         5012    .text               mf_w.l(d2f.o)
    0x08000422   0x08000422   0x0000002c   Code   RO         5031    .text               mc_w.l(uidiv.o)
    0x0800044e   0x0800044e   0x0000001e   Code   RO         5033    .text               mc_w.l(llshl.o)
    0x0800046c   0x0800046c   0x00000020   Code   RO         5035    .text               mc_w.l(llushr.o)
    0x0800048c   0x0800048c   0x00000000   Code   RO         5037    .text               mc_w.l(iusefp.o)
    0x0800048c   0x0800048c   0x0000006e   Code   RO         5038    .text               mf_w.l(fepilogue.o)
    0x080004fa   0x080004fa   0x000000ba   Code   RO         5040    .text               mf_w.l(depilogue.o)
    0x080005b4   0x080005b4   0x0000014e   Code   RO         5042    .text               mf_w.l(dadd.o)
    0x08000702   0x08000702   0x000000de   Code   RO         5044    .text               mf_w.l(ddiv.o)
    0x080007e0   0x080007e0   0x00000030   Code   RO         5046    .text               mf_w.l(dfixul.o)
    0x08000810   0x08000810   0x00000030   Code   RO         5048    .text               mf_w.l(cdrcmple.o)
    0x08000840   0x08000840   0x00000024   Code   RO         5050    .text               mc_w.l(init.o)
    0x08000864   0x08000864   0x00000024   Code   RO         5052    .text               mc_w.l(llsshr.o)
    0x08000888   0x08000888   0x0000005a   Code   RO          463    i.ADS1220_ChannelSelect  ads1220.o
    0x080008e2   0x080008e2   0x00000002   PAD
    0x080008e4   0x080008e4   0x000000b4   Code   RO          465    i.ADS1220_DebugPrintRegisters  ads1220.o
    0x08000998   0x08000998   0x00000014   Code   RO          466    i.ADS1220_InitStruct  ads1220.o
    0x080009ac   0x080009ac   0x0000002a   Code   RO          468    i.ADS1220_ReadConvertOnce  ads1220.o
    0x080009d6   0x080009d6   0x0000007c   Code   RO          469    i.ADS1220_ReadData  ads1220.o
    0x08000a52   0x08000a52   0x00000072   Code   RO          471    i.ADS1220_ReadRegisters  ads1220.o
    0x08000ac4   0x08000ac4   0x00000012   Code   RO          472    i.ADS1220_Reset     ads1220.o
    0x08000ad6   0x08000ad6   0x00000052   Code   RO          473    i.ADS1220_SPI_Write  ads1220.o
    0x08000b28   0x08000b28   0x00000012   Code   RO          474    i.ADS1220_Start     ads1220.o
    0x08000b3a   0x08000b3a   0x00000002   PAD
    0x08000b3c   0x08000b3c   0x0000002c   Code   RO          475    i.ADS1220_WaitDRDY  ads1220.o
    0x08000b68   0x08000b68   0x00000072   Code   RO          476    i.ADS1220_WriteRegisters  ads1220.o
    0x08000bda   0x08000bda   0x00000002   PAD
    0x08000bdc   0x08000bdc   0x0000015c   Code   RO          567    i.BoomTest          allset.o
    0x08000d38   0x08000d38   0x0000006c   Code   RO          607    i.DS18B20_Get_Temp  ds18b20.o
    0x08000da4   0x08000da4   0x00000028   Code   RO          609    i.DS18B20_Mode_IPU  ds18b20.o
    0x08000dcc   0x08000dcc   0x0000002c   Code   RO          610    i.DS18B20_Mode_Out_PP  ds18b20.o
    0x08000df8   0x08000df8   0x0000005a   Code   RO          611    i.DS18B20_Presence  ds18b20.o
    0x08000e52   0x08000e52   0x00000056   Code   RO          612    i.DS18B20_Read_Byte  ds18b20.o
    0x08000ea8   0x08000ea8   0x00000034   Code   RO          613    i.DS18B20_Rst       ds18b20.o
    0x08000edc   0x08000edc   0x00000064   Code   RO          615    i.DS18B20_Write_Byte  ds18b20.o
    0x08000f40   0x08000f40   0x00000004   Code   RO           13    i.Error_Handler     main.o
    0x08000f44   0x08000f44   0x000000d8   Code   RO          968    i.HAL_ADCEx_MultiModeConfigChannel  stm32g4xx_hal_adc_ex.o
    0x0800101c   0x0800101c   0x00000424   Code   RO          720    i.HAL_ADC_ConfigChannel  stm32g4xx_hal_adc.o
    0x08001440   0x08001440   0x000001f4   Code   RO          729    i.HAL_ADC_Init      stm32g4xx_hal_adc.o
    0x08001634   0x08001634   0x000000d4   Code   RO          259    i.HAL_ADC_MspInit   adc.o
    0x08001708   0x08001708   0x00000024   Code   RO         1167    i.HAL_Delay         stm32g4xx_hal.o
    0x0800172c   0x0800172c   0x00000054   Code   RO          349    i.HAL_Delay_Us      tim.o
    0x08001780   0x08001780   0x00000248   Code   RO         1876    i.HAL_GPIO_Init     stm32g4xx_hal_gpio.o
    0x080019c8   0x080019c8   0x0000000a   Code   RO         1878    i.HAL_GPIO_ReadPin  stm32g4xx_hal_gpio.o
    0x080019d2   0x080019d2   0x00000010   Code   RO         1879    i.HAL_GPIO_TogglePin  stm32g4xx_hal_gpio.o
    0x080019e2   0x080019e2   0x0000000a   Code   RO         1880    i.HAL_GPIO_WritePin  stm32g4xx_hal_gpio.o
    0x080019ec   0x080019ec   0x0000000c   Code   RO         1171    i.HAL_GetTick       stm32g4xx_hal.o
    0x080019f8   0x080019f8   0x0000001e   Code   RO         1178    i.HAL_Init          stm32g4xx_hal.o
    0x08001a16   0x08001a16   0x00000002   PAD
    0x08001a18   0x08001a18   0x00000044   Code   RO         1179    i.HAL_InitTick      stm32g4xx_hal.o
    0x08001a5c   0x08001a5c   0x00000002   Code   RO         1181    i.HAL_MspInit       stm32g4xx_hal.o
    0x08001a5e   0x08001a5e   0x0000001a   Code   RO         2525    i.HAL_NVIC_EnableIRQ  stm32g4xx_hal_cortex.o
    0x08001a78   0x08001a78   0x00000040   Code   RO         2531    i.HAL_NVIC_SetPriority  stm32g4xx_hal_cortex.o
    0x08001ab8   0x08001ab8   0x00000024   Code   RO         2532    i.HAL_NVIC_SetPriorityGrouping  stm32g4xx_hal_cortex.o
    0x08001adc   0x08001adc   0x000000bc   Code   RO         2279    i.HAL_PWREx_ControlVoltageScaling  stm32g4xx_hal_pwr_ex.o
    0x08001b98   0x08001b98   0x00000288   Code   RO         1538    i.HAL_RCCEx_PeriphCLKConfig  stm32g4xx_hal_rcc_ex.o
    0x08001e20   0x08001e20   0x000001c8   Code   RO         1413    i.HAL_RCC_ClockConfig  stm32g4xx_hal_rcc.o
    0x08001fe8   0x08001fe8   0x00000024   Code   RO         1421    i.HAL_RCC_GetPCLK1Freq  stm32g4xx_hal_rcc.o
    0x0800200c   0x0800200c   0x00000024   Code   RO         1422    i.HAL_RCC_GetPCLK2Freq  stm32g4xx_hal_rcc.o
    0x08002030   0x08002030   0x00000058   Code   RO         1423    i.HAL_RCC_GetSysClockFreq  stm32g4xx_hal_rcc.o
    0x08002088   0x08002088   0x00000404   Code   RO         1426    i.HAL_RCC_OscConfig  stm32g4xx_hal_rcc.o
    0x0800248c   0x0800248c   0x000000ea   Code   RO         2676    i.HAL_SPI_Init      stm32g4xx_hal_spi.o
    0x08002576   0x08002576   0x00000002   PAD
    0x08002578   0x08002578   0x00000060   Code   RO          308    i.HAL_SPI_MspInit   spi.o
    0x080025d8   0x080025d8   0x0000017e   Code   RO         2679    i.HAL_SPI_Receive   stm32g4xx_hal_spi.o
    0x08002756   0x08002756   0x0000018e   Code   RO         2684    i.HAL_SPI_Transmit  stm32g4xx_hal_spi.o
    0x080028e4   0x080028e4   0x00000272   Code   RO         2685    i.HAL_SPI_TransmitReceive  stm32g4xx_hal_spi.o
    0x08002b56   0x08002b56   0x00000028   Code   RO         2536    i.HAL_SYSTICK_Config  stm32g4xx_hal_cortex.o
    0x08002b7e   0x08002b7e   0x00000002   PAD
    0x08002b80   0x08002b80   0x0000009c   Code   RO         3737    i.HAL_TIMEx_ConfigBreakDeadTime  stm32g4xx_hal_tim_ex.o
    0x08002c1c   0x08002c1c   0x0000009c   Code   RO         3774    i.HAL_TIMEx_MasterConfigSynchronization  stm32g4xx_hal_tim_ex.o
    0x08002cb8   0x08002cb8   0x00000062   Code   RO         3018    i.HAL_TIM_Base_Init  stm32g4xx_hal_tim.o
    0x08002d1a   0x08002d1a   0x00000002   PAD
    0x08002d1c   0x08002d1c   0x0000005c   Code   RO          351    i.HAL_TIM_Base_MspInit  tim.o
    0x08002d78   0x08002d78   0x00000078   Code   RO         3023    i.HAL_TIM_Base_Start_IT  stm32g4xx_hal_tim.o
    0x08002df0   0x08002df0   0x00000100   Code   RO         3027    i.HAL_TIM_ConfigClockSource  stm32g4xx_hal_tim.o
    0x08002ef0   0x08002ef0   0x00000050   Code   RO          352    i.HAL_TIM_MspPostInit  tim.o
    0x08002f40   0x08002f40   0x00000124   Code   RO         3090    i.HAL_TIM_PWM_ConfigChannel  stm32g4xx_hal_tim.o
    0x08003064   0x08003064   0x00000062   Code   RO         3093    i.HAL_TIM_PWM_Init  stm32g4xx_hal_tim.o
    0x080030c6   0x080030c6   0x00000002   Code   RO         3095    i.HAL_TIM_PWM_MspInit  stm32g4xx_hal_tim.o
    0x080030c8   0x080030c8   0x000000fc   Code   RO         3098    i.HAL_TIM_PWM_Start  stm32g4xx_hal_tim.o
    0x080031c4   0x080031c4   0x0000003e   Code   RO         4581    i.HAL_UARTEx_DisableFifoMode  stm32g4xx_hal_uart_ex.o
    0x08003202   0x08003202   0x00000002   Code   RO         4170    i.HAL_UARTEx_RxEventCallback  stm32g4xx_hal_uart.o
    0x08003204   0x08003204   0x0000004c   Code   RO         4590    i.HAL_UARTEx_SetRxFifoThreshold  stm32g4xx_hal_uart_ex.o
    0x08003250   0x08003250   0x0000004c   Code   RO         4591    i.HAL_UARTEx_SetTxFifoThreshold  stm32g4xx_hal_uart_ex.o
    0x0800329c   0x0800329c   0x00000020   Code   RO           15    i.HAL_UART_ErrorCallback  main.o
    0x080032bc   0x080032bc   0x0000006a   Code   RO         4190    i.HAL_UART_Init     stm32g4xx_hal_uart.o
    0x08003326   0x08003326   0x00000002   PAD
    0x08003328   0x08003328   0x000000f0   Code   RO          416    i.HAL_UART_MspInit  usart.o
    0x08003418   0x08003418   0x00000048   Code   RO         4195    i.HAL_UART_Receive_IT  stm32g4xx_hal_uart.o
    0x08003460   0x08003460   0x000000f0   Code   RO           16    i.HAL_UART_RxCpltCallback  main.o
    0x08003550   0x08003550   0x000000ae   Code   RO         4199    i.HAL_UART_Transmit  stm32g4xx_hal_uart.o
    0x080035fe   0x080035fe   0x00000002   PAD
    0x08003600   0x08003600   0x00000098   Code   RO         4201    i.HAL_UART_Transmit_IT  stm32g4xx_hal_uart.o
    0x08003698   0x08003698   0x0000000c   Code   RO          743    i.LL_ADC_GetOffsetChannel  stm32g4xx_hal_adc.o
    0x080036a4   0x080036a4   0x00000008   Code   RO          744    i.LL_ADC_INJ_IsConversionOngoing  stm32g4xx_hal_adc.o
    0x080036ac   0x080036ac   0x00000008   Code   RO          745    i.LL_ADC_REG_IsConversionOngoing  stm32g4xx_hal_adc.o
    0x080036b4   0x080036b4   0x00000008   Code   RO          978    i.LL_ADC_REG_IsConversionOngoing  stm32g4xx_hal_adc_ex.o
    0x080036bc   0x080036bc   0x0000001e   Code   RO          748    i.LL_ADC_SetChannelSamplingTime  stm32g4xx_hal_adc.o
    0x080036da   0x080036da   0x00000010   Code   RO          749    i.LL_ADC_SetOffsetState  stm32g4xx_hal_adc.o
    0x080036ea   0x080036ea   0x00000002   PAD
    0x080036ec   0x080036ec   0x00000090   Code   RO          260    i.MX_ADC1_Init      adc.o
    0x0800377c   0x0800377c   0x0000007c   Code   RO          261    i.MX_ADC2_Init      adc.o
    0x080037f8   0x080037f8   0x000000b8   Code   RO          234    i.MX_GPIO_Init      gpio.o
    0x080038b0   0x080038b0   0x00000050   Code   RO          309    i.MX_SPI1_Init      spi.o
    0x08003900   0x08003900   0x000000ec   Code   RO          353    i.MX_TIM1_Init      tim.o
    0x080039ec   0x080039ec   0x00000048   Code   RO          354    i.MX_TIM6_Init      tim.o
    0x08003a34   0x08003a34   0x00000048   Code   RO          355    i.MX_TIM7_Init      tim.o
    0x08003a7c   0x08003a7c   0x00000068   Code   RO          417    i.MX_USART1_UART_Init  usart.o
    0x08003ae4   0x08003ae4   0x00000068   Code   RO          418    i.MX_USART3_UART_Init  usart.o
    0x08003b4c   0x08003b4c   0x00000074   Code   RO         2713    i.SPI_EndRxTransaction  stm32g4xx_hal_spi.o
    0x08003bc0   0x08003bc0   0x00000048   Code   RO         2714    i.SPI_EndRxTxTransaction  stm32g4xx_hal_spi.o
    0x08003c08   0x08003c08   0x000000e0   Code   RO         2719    i.SPI_WaitFifoStateUntilTimeout  stm32g4xx_hal_spi.o
    0x08003ce8   0x08003ce8   0x000000b8   Code   RO         2720    i.SPI_WaitFlagStateUntilTimeout  stm32g4xx_hal_spi.o
    0x08003da0   0x08003da0   0x00000068   Code   RO           17    i.SystemClock_Config  main.o
    0x08003e08   0x08003e08   0x00000010   Code   RO         4700    i.SystemInit        system_stm32g4xx_1.o
    0x08003e18   0x08003e18   0x000000bc   Code   RO         3111    i.TIM_Base_SetConfig  stm32g4xx_hal_tim.o
    0x08003ed4   0x08003ed4   0x0000001a   Code   RO         3112    i.TIM_CCxChannelCmd  stm32g4xx_hal_tim.o
    0x08003eee   0x08003eee   0x00000014   Code   RO         3122    i.TIM_ETR_SetConfig  stm32g4xx_hal_tim.o
    0x08003f02   0x08003f02   0x00000002   PAD
    0x08003f04   0x08003f04   0x00000014   Code   RO         3123    i.TIM_ITRx_SetConfig  stm32g4xx_hal_tim.o
    0x08003f18   0x08003f18   0x0000009c   Code   RO         3124    i.TIM_OC1_SetConfig  stm32g4xx_hal_tim.o
    0x08003fb4   0x08003fb4   0x00000090   Code   RO         3125    i.TIM_OC2_SetConfig  stm32g4xx_hal_tim.o
    0x08004044   0x08004044   0x00000090   Code   RO         3126    i.TIM_OC3_SetConfig  stm32g4xx_hal_tim.o
    0x080040d4   0x080040d4   0x00000090   Code   RO         3127    i.TIM_OC4_SetConfig  stm32g4xx_hal_tim.o
    0x08004164   0x08004164   0x00000070   Code   RO         3128    i.TIM_OC5_SetConfig  stm32g4xx_hal_tim.o
    0x080041d4   0x080041d4   0x00000070   Code   RO         3129    i.TIM_OC6_SetConfig  stm32g4xx_hal_tim.o
    0x08004244   0x08004244   0x00000022   Code   RO         3131    i.TIM_TI1_ConfigInputStage  stm32g4xx_hal_tim.o
    0x08004266   0x08004266   0x00000024   Code   RO         3133    i.TIM_TI2_ConfigInputStage  stm32g4xx_hal_tim.o
    0x0800428a   0x0800428a   0x00000002   PAD
    0x0800428c   0x0800428c   0x00000044   Code   RO         4595    i.UARTEx_SetNbDataToProcess  stm32g4xx_hal_uart_ex.o
    0x080042d0   0x080042d0   0x000000c8   Code   RO         4204    i.UART_AdvFeatureConfig  stm32g4xx_hal_uart.o
    0x08004398   0x08004398   0x000000ac   Code   RO         4205    i.UART_CheckIdleState  stm32g4xx_hal_uart.o
    0x08004444   0x08004444   0x00000054   Code   RO         4216    i.UART_EndRxTransfer  stm32g4xx_hal_uart.o
    0x08004498   0x08004498   0x000000c8   Code   RO         4218    i.UART_RxISR_16BIT  stm32g4xx_hal_uart.o
    0x08004560   0x08004560   0x000001a0   Code   RO         4219    i.UART_RxISR_16BIT_FIFOEN  stm32g4xx_hal_uart.o
    0x08004700   0x08004700   0x000000c8   Code   RO         4220    i.UART_RxISR_8BIT   stm32g4xx_hal_uart.o
    0x080047c8   0x080047c8   0x000001a0   Code   RO         4221    i.UART_RxISR_8BIT_FIFOEN  stm32g4xx_hal_uart.o
    0x08004968   0x08004968   0x00000274   Code   RO         4222    i.UART_SetConfig    stm32g4xx_hal_uart.o
    0x08004bdc   0x08004bdc   0x00000110   Code   RO         4224    i.UART_Start_Receive_IT  stm32g4xx_hal_uart.o
    0x08004cec   0x08004cec   0x00000052   Code   RO         4225    i.UART_TxISR_16BIT  stm32g4xx_hal_uart.o
    0x08004d3e   0x08004d3e   0x00000002   PAD
    0x08004d40   0x08004d40   0x0000006a   Code   RO         4226    i.UART_TxISR_16BIT_FIFOEN  stm32g4xx_hal_uart.o
    0x08004daa   0x08004daa   0x0000004e   Code   RO         4227    i.UART_TxISR_8BIT   stm32g4xx_hal_uart.o
    0x08004df8   0x08004df8   0x00000066   Code   RO         4228    i.UART_TxISR_8BIT_FIFOEN  stm32g4xx_hal_uart.o
    0x08004e5e   0x08004e5e   0x00000094   Code   RO         4229    i.UART_WaitOnFlagUntilTimeout  stm32g4xx_hal_uart.o
    0x08004ef2   0x08004ef2   0x00000002   PAD
    0x08004ef4   0x08004ef4   0x00000020   Code   RO         4978    i.__0printf         mc_w.l(printfa.o)
    0x08004f14   0x08004f14   0x00000034   Code   RO         4979    i.__0snprintf       mc_w.l(printfa.o)
    0x08004f48   0x08004f48   0x00000020   Code   RO         2538    i.__NVIC_SetPriority  stm32g4xx_hal_cortex.o
    0x08004f68   0x08004f68   0x0000000e   Code   RO         5056    i.__scatterload_copy  mc_w.l(handlers.o)
    0x08004f76   0x08004f76   0x00000002   Code   RO         5057    i.__scatterload_null  mc_w.l(handlers.o)
    0x08004f78   0x08004f78   0x0000000e   Code   RO         5058    i.__scatterload_zeroinit  mc_w.l(handlers.o)
    0x08004f86   0x08004f86   0x00000002   PAD
    0x08004f88   0x08004f88   0x00000184   Code   RO         4985    i._fp_digits        mc_w.l(printfa.o)
    0x0800510c   0x0800510c   0x000006b4   Code   RO         4986    i._printf_core      mc_w.l(printfa.o)
    0x080057c0   0x080057c0   0x00000024   Code   RO         4987    i._printf_post_padding  mc_w.l(printfa.o)
    0x080057e4   0x080057e4   0x0000002e   Code   RO         4988    i._printf_pre_padding  mc_w.l(printfa.o)
    0x08005812   0x08005812   0x00000016   Code   RO         4989    i._snputc           mc_w.l(printfa.o)
    0x08005828   0x08005828   0x00000024   Code   RO           18    i.fputc             main.o
    0x0800584c   0x0800584c   0x00000068   Code   RO          675    i.led254_blink      led.o
    0x080058b4   0x080058b4   0x00000064   Code   RO          676    i.led550_blink      led.o
    0x08005918   0x08005918   0x00000100   Code   RO           19    i.main              main.o
    0x08005a18   0x08005a18   0x00000070   Data   RO          677    .constdata          led.o
    0x08005a88   0x08005a88   0x00000018   Data   RO         4230    .constdata          stm32g4xx_hal_uart.o
    0x08005aa0   0x08005aa0   0x00000010   Data   RO         4596    .constdata          stm32g4xx_hal_uart_ex.o
    0x08005ab0   0x08005ab0   0x00000010   Data   RO         4701    .constdata          system_stm32g4xx_1.o
    0x08005ac0   0x08005ac0   0x00000008   Data   RO         4702    .constdata          system_stm32g4xx_1.o
    0x08005ac8   0x08005ac8   0x00000020   Data   RO         5054    Region$$Table       anon$$obj.o


    Execution Region RW_IRAM1 (Exec base: 0x20000000, Load base: 0x08005ae8, Size: 0x000007d0, Max: 0x00008000, ABSOLUTE)

    Exec Addr    Load Addr    Size         Type   Attr      Idx    E Section Name        Object

    0x20000000   0x08005ae8   0x00000015   Data   RW           21    .data               main.o
    0x20000015   0x08005afd   0x00000003   PAD
    0x20000018   0x08005b00   0x00000004   Data   RW          263    .data               adc.o
    0x2000001c   0x08005b04   0x0000000c   Data   RW         1198    .data               stm32g4xx_hal.o
    0x20000028   0x08005b10   0x00000004   Data   RW         4703    .data               system_stm32g4xx_1.o
    0x2000002c   0x08005b14   0x00000004   Data   RW         5030    .data               mc_w.l(stdout.o)
    0x20000030        -       0x00000054   Zero   RW           20    .bss                main.o
    0x20000084        -       0x000000d8   Zero   RW          262    .bss                adc.o
    0x2000015c        -       0x00000064   Zero   RW          310    .bss                spi.o
    0x200001c0        -       0x000000e4   Zero   RW          356    .bss                tim.o
    0x200002a4        -       0x00000128   Zero   RW          419    .bss                usart.o
    0x200003cc   0x08005b18   0x00000004   PAD
    0x200003d0        -       0x00000400   Zero   RW            1    STACK               startup_stm32g431xx.o


==============================================================================

Image component sizes


      Code (inc. data)   RO Data    RW Data    ZI Data      Debug   Object Name

       480         32          0          4        216       2614   adc.o
       846        108          0          0          0      10686   ads1220.o
       348         66          0          0          0        911   allset.o
       520          8          0          0          0       4672   ds18b20.o
       184          8          0          0          0        971   gpio.o
       204         28        112          0          0       1214   led.o
       672        102          0         21         84     696281   main.o
       176         18          0          0        100       1661   spi.o
        36          8        472          0       1024        828   startup_stm32g431xx.o
       148         20          0         12          0       4269   stm32g4xx_hal.o
      1634         88          0          0          0      73351   stm32g4xx_hal_adc.o
       224          8          0          0          0      68047   stm32g4xx_hal_adc_ex.o
       198         14          0          0          0      33791   stm32g4xx_hal_cortex.o
       620         34          0          0          0       3608   stm32g4xx_hal_gpio.o
       188         14          0          0          0        834   stm32g4xx_hal_pwr_ex.o
      1644         82          0          0          0       6172   stm32g4xx_hal_rcc.o
       648         10          0          0          0       1868   stm32g4xx_hal_rcc_ex.o
      2236         10          0          0          0       9798   stm32g4xx_hal_spi.o
      2254        258          0          0          0      15392   stm32g4xx_hal_tim.o
       312         32          0          0          0       2340   stm32g4xx_hal_tim_ex.o
      3610        148         24          0          0      36604   stm32g4xx_hal_uart.o
       282          6         16          0          0       3637   stm32g4xx_hal_uart_ex.o
        16          4         24          4          0       1103   system_stm32g4xx_1.o
       636         60          0          0        228       4221   tim.o
       448         40          0          0        296       2531   usart.o

    ----------------------------------------------------------------------
     18592       1206        680         44       1952     987404   Object Totals
         0          0         32          0          0          0   (incl. Generated)
        28          0          0          3          4          0   (incl. Padding)

    ----------------------------------------------------------------------

      Code (inc. data)   RO Data    RW Data    ZI Data      Debug   Library Member Name

         0          0          0          0          0          0   entry.o
         0          0          0          0          0          0   entry10a.o
         0          0          0          0          0          0   entry11a.o
         4          0          0          0          0          0   entry12b.o
         8          4          0          0          0          0   entry2.o
         4          0          0          0          0          0   entry5.o
         0          0          0          0          0          0   entry7b.o
         0          0          0          0          0          0   entry8b.o
         8          4          0          0          0          0   entry9a.o
        30          0          0          0          0          0   handlers.o
        36          8          0          0          0         68   init.o
         0          0          0          0          0          0   iusefp.o
        30          0          0          0          0         68   llshl.o
        36          0          0          0          0         68   llsshr.o
        32          0          0          0          0         68   llushr.o
        36          0          0          0          0         68   memcpya.o
        36          0          0          0          0        108   memseta.o
      2292         94          0          0          0        620   printfa.o
         0          0          0          4          0          0   stdout.o
        44          0          0          0          0         80   uidiv.o
        98          0          0          0          0         92   uldiv.o
        48          0          0          0          0         68   cdrcmple.o
        56          0          0          0          0         88   d2f.o
       334          0          0          0          0        148   dadd.o
       222          0          0          0          0        100   ddiv.o
       186          0          0          0          0        176   depilogue.o
        48          0          0          0          0         68   dfixul.o
        34          0          0          0          0         76   dflti.o
       228          0          0          0          0         96   dmul.o
        38          0          0          0          0         68   f2d.o
       110          0          0          0          0        168   fepilogue.o

    ----------------------------------------------------------------------
      4000        110          0          4          0       2296   Library Totals
         2          0          0          0          0          0   (incl. Padding)

    ----------------------------------------------------------------------

      Code (inc. data)   RO Data    RW Data    ZI Data      Debug   Library Name

      2694        110          0          4          0       1240   mc_w.l
      1304          0          0          0          0       1056   mf_w.l

    ----------------------------------------------------------------------
      4000        110          0          4          0       2296   Library Totals

    ----------------------------------------------------------------------

==============================================================================


      Code (inc. data)   RO Data    RW Data    ZI Data      Debug   

     22592       1316        680         48       1952     976860   Grand Totals
     22592       1316        680         48       1952     976860   ELF Image Totals
     22592       1316        680         48          0          0   ROM Totals

==============================================================================

    Total RO  Size (Code + RO Data)                23272 (  22.73kB)
    Total RW  Size (RW Data + ZI Data)              2000 (   1.95kB)
    Total ROM Size (Code + RO Data + RW Data)      23320 (  22.77kB)

==============================================================================

